Archive member included to satisfy reference by file (symbol)

/Applications/STM32CubeIDE.app/Contents/Eclipse/plugins/com.st.stm32cube.ide.mcu.externaltools.gnu-tools-for-stm32.13.3.rel1.macos64_1.0.0.202411102158/tools/bin/../lib/gcc/arm-none-eabi/13.3.1/../../../../arm-none-eabi/lib/thumb/v7e-m+fp/hard/libc_nano.a(libc_a-exit.o)
                              /Applications/STM32CubeIDE.app/Contents/Eclipse/plugins/com.st.stm32cube.ide.mcu.externaltools.gnu-tools-for-stm32.13.3.rel1.macos64_1.0.0.202411102158/tools/bin/../lib/gcc/arm-none-eabi/13.3.1/../../../../arm-none-eabi/lib/thumb/v7e-m+fp/hard/crt0.o (exit)
/Applications/STM32CubeIDE.app/Contents/Eclipse/plugins/com.st.stm32cube.ide.mcu.externaltools.gnu-tools-for-stm32.13.3.rel1.macos64_1.0.0.202411102158/tools/bin/../lib/gcc/arm-none-eabi/13.3.1/../../../../arm-none-eabi/lib/thumb/v7e-m+fp/hard/libc_nano.a(libc_a-nano-vfprintf_float.o)
                              (_printf_float)
/Applications/STM32CubeIDE.app/Contents/Eclipse/plugins/com.st.stm32cube.ide.mcu.externaltools.gnu-tools-for-stm32.13.3.rel1.macos64_1.0.0.202411102158/tools/bin/../lib/gcc/arm-none-eabi/13.3.1/../../../../arm-none-eabi/lib/thumb/v7e-m+fp/hard/libc_nano.a(libc_a-nano-vfprintf_i.o)
                              /Applications/STM32CubeIDE.app/Contents/Eclipse/plugins/com.st.stm32cube.ide.mcu.externaltools.gnu-tools-for-stm32.13.3.rel1.macos64_1.0.0.202411102158/tools/bin/../lib/gcc/arm-none-eabi/13.3.1/../../../../arm-none-eabi/lib/thumb/v7e-m+fp/hard/libc_nano.a(libc_a-nano-vfprintf_float.o) (_printf_common)
/Applications/STM32CubeIDE.app/Contents/Eclipse/plugins/com.st.stm32cube.ide.mcu.externaltools.gnu-tools-for-stm32.13.3.rel1.macos64_1.0.0.202411102158/tools/bin/../lib/gcc/arm-none-eabi/13.3.1/../../../../arm-none-eabi/lib/thumb/v7e-m+fp/hard/libc_nano.a(libc_a-snprintf.o)
                              ./Core/Src/main.o (snprintf)
/Applications/STM32CubeIDE.app/Contents/Eclipse/plugins/com.st.stm32cube.ide.mcu.externaltools.gnu-tools-for-stm32.13.3.rel1.macos64_1.0.0.202411102158/tools/bin/../lib/gcc/arm-none-eabi/13.3.1/../../../../arm-none-eabi/lib/thumb/v7e-m+fp/hard/libc_nano.a(libc_a-sscanf.o)
                              ./Core/Src/main.o (sscanf)
/Applications/STM32CubeIDE.app/Contents/Eclipse/plugins/com.st.stm32cube.ide.mcu.externaltools.gnu-tools-for-stm32.13.3.rel1.macos64_1.0.0.202411102158/tools/bin/../lib/gcc/arm-none-eabi/13.3.1/../../../../arm-none-eabi/lib/thumb/v7e-m+fp/hard/libc_nano.a(libc_a-stdio.o)
                              /Applications/STM32CubeIDE.app/Contents/Eclipse/plugins/com.st.stm32cube.ide.mcu.externaltools.gnu-tools-for-stm32.13.3.rel1.macos64_1.0.0.202411102158/tools/bin/../lib/gcc/arm-none-eabi/13.3.1/../../../../arm-none-eabi/lib/thumb/v7e-m+fp/hard/libc_nano.a(libc_a-sscanf.o) (__seofread)
/Applications/STM32CubeIDE.app/Contents/Eclipse/plugins/com.st.stm32cube.ide.mcu.externaltools.gnu-tools-for-stm32.13.3.rel1.macos64_1.0.0.202411102158/tools/bin/../lib/gcc/arm-none-eabi/13.3.1/../../../../arm-none-eabi/lib/thumb/v7e-m+fp/hard/libc_nano.a(libc_a-findfp.o)
                              /Applications/STM32CubeIDE.app/Contents/Eclipse/plugins/com.st.stm32cube.ide.mcu.externaltools.gnu-tools-for-stm32.13.3.rel1.macos64_1.0.0.202411102158/tools/bin/../lib/gcc/arm-none-eabi/13.3.1/../../../../arm-none-eabi/lib/thumb/v7e-m+fp/hard/libc_nano.a(libc_a-exit.o) (__stdio_exit_handler)
/Applications/STM32CubeIDE.app/Contents/Eclipse/plugins/com.st.stm32cube.ide.mcu.externaltools.gnu-tools-for-stm32.13.3.rel1.macos64_1.0.0.202411102158/tools/bin/../lib/gcc/arm-none-eabi/13.3.1/../../../../arm-none-eabi/lib/thumb/v7e-m+fp/hard/libc_nano.a(libc_a-vsnprintf.o)
                              ./Core/Src/tm1637.o (vsnprintf)
/Applications/STM32CubeIDE.app/Contents/Eclipse/plugins/com.st.stm32cube.ide.mcu.externaltools.gnu-tools-for-stm32.13.3.rel1.macos64_1.0.0.202411102158/tools/bin/../lib/gcc/arm-none-eabi/13.3.1/../../../../arm-none-eabi/lib/thumb/v7e-m+fp/hard/libc_nano.a(libc_a-fwalk.o)
                              /Applications/STM32CubeIDE.app/Contents/Eclipse/plugins/com.st.stm32cube.ide.mcu.externaltools.gnu-tools-for-stm32.13.3.rel1.macos64_1.0.0.202411102158/tools/bin/../lib/gcc/arm-none-eabi/13.3.1/../../../../arm-none-eabi/lib/thumb/v7e-m+fp/hard/libc_nano.a(libc_a-findfp.o) (_fwalk_sglue)
/Applications/STM32CubeIDE.app/Contents/Eclipse/plugins/com.st.stm32cube.ide.mcu.externaltools.gnu-tools-for-stm32.13.3.rel1.macos64_1.0.0.202411102158/tools/bin/../lib/gcc/arm-none-eabi/13.3.1/../../../../arm-none-eabi/lib/thumb/v7e-m+fp/hard/libc_nano.a(libc_a-printf.o)
                              ./Core/Src/main.o (printf)
/Applications/STM32CubeIDE.app/Contents/Eclipse/plugins/com.st.stm32cube.ide.mcu.externaltools.gnu-tools-for-stm32.13.3.rel1.macos64_1.0.0.202411102158/tools/bin/../lib/gcc/arm-none-eabi/13.3.1/../../../../arm-none-eabi/lib/thumb/v7e-m+fp/hard/libc_nano.a(libc_a-puts.o)
[...]
Memory Configuration

Name             Origin             Length             Attributes
RAM              0x20000000         0x00030000         xrw
RAM2             0x10000000         0x00010000         xrw
RAM3             0x20040000         0x00060000         xrw
FLASH            0x08000000         0x00200000         xr
*default*        0x00000000         0xffffffff

Linker script and memory map

LOAD /Applications/STM32CubeIDE.app/Contents/Eclipse/plugins/com.st.stm32cube.ide.mcu.externaltools.gnu-tools-for-stm32.13.3.rel1.macos64_1.0.0.202411102158/tools/bin/../lib/gcc/arm-none-eabi/13.3.1/thumb/v7e-m+fp/hard/crti.o
LOAD /Applications/STM32CubeIDE.app/Contents/Eclipse/plugins/com.st.stm32cube.ide.mcu.externaltools.gnu-tools-for-stm32.13.3.rel1.macos64_1.0.0.202411102158/tools/bin/../lib/gcc/arm-none-eabi/13.3.1/thumb/v7e-m+fp/hard/crtbegin.o
LOAD /Applications/STM32CubeIDE.app/Contents/Eclipse/plugins/com.st.stm32cube.ide.mcu.externaltools.gnu-tools-for-stm32.13.3.rel1.macos64_1.0.0.202411102158/tools/bin/../lib/gcc/arm-none-eabi/13.3.1/../../../../arm-none-eabi/lib/thumb/v7e-m+fp/hard/crt0.o
LOAD ./Core/Src/AHT21.o
LOAD ./Core/Src/Modulino_Knob.o
LOAD ./Core/Src/dhcp.o
LOAD ./Core/Src/dns.o
LOAD ./Core/Src/main.o
LOAD ./Core/Src/net_w5500.o
LOAD ./Core/Src/pid.o
LOAD ./Core/Src/socket.o
LOAD ./Core/Src/stm32l4xx_hal_msp.o
LOAD ./Core/Src/stm32l4xx_it.o
LOAD ./Core/Src/syscalls.o
LOAD ./Core/Src/sysmem.o
LOAD ./Core/Src/system_stm32l4xx.o
LOAD ./Core/Src/tm1637.o
LOAD ./Core/Src/w5500.o
LOAD ./Core/Src/wizchip_conf.o
LOAD ./Core/Startup/startup_stm32l4r5zitxp.o
LOAD ./Drivers/STM32L4xx_HAL_Driver/Src/stm32l4xx_hal.o
LOAD ./Drivers/STM32L4xx_HAL_Driver/Src/stm32l4xx_hal_cortex.o
LOAD ./Drivers/STM32L4xx_HAL_Driver/Src/stm32l4xx_hal_dma.o
LOAD ./Drivers/STM32L4xx_HAL_Driver/Src/stm32l4xx_hal_dma_ex.o
LOAD ./Drivers/STM32L4xx_HAL_Driver/Src/stm32l4xx_hal_exti.o
LOAD ./Drivers/STM32L4xx_HAL_Driver/Src/stm32l4xx_hal_flash.o
LOAD ./Drivers/STM32L4xx_HAL_Driver/Src/stm32l4xx_hal_flash_ex.o
LOAD ./Drivers/STM32L4xx_HAL_Driver/Src/stm32l4xx_hal_flash_ramfunc.o
LOAD ./Drivers/STM32L4xx_HAL_Driver/Src/stm32l4xx_hal_gpio.o
LOAD ./Drivers/STM32L4xx_HAL_Driver/Src/stm32l4xx_hal_i2c.o
LOAD ./Drivers/STM32L4xx_HAL_Driver/Src/stm32l4xx_hal_i2c_ex.o
LOAD ./Drivers/STM32L4xx_HAL_Driver/Src/stm32l4xx_hal_pwr.o
LOAD ./Drivers/STM32L4xx_HAL_Driver/Src/stm32l4xx_hal_pwr_ex.o
LOAD ./Drivers/STM32L4xx_HAL_Driver/Src/stm32l4xx_hal_rcc.o
LOAD ./Drivers/STM32L4xx_HAL_Driver/Src/stm32l4xx_hal_rcc_ex.o
LOAD ./Drivers/STM32L4xx_HAL_Driver/Src/stm32l4xx_hal_spi.o
LOAD ./Drivers/STM32L4xx_HAL_Driver/Src/stm32l4xx_hal_spi_ex.o
LOAD ./Drivers/STM32L4xx_HAL_Driver/Src/stm32l4xx_hal_tim.o
LOAD ./Drivers/STM32L4xx_HAL_Driver/Src/stm32l4xx_hal_tim_ex.o
LOAD ./Drivers/STM32L4xx_HAL_Driver/Src/stm32l4xx_hal_uart.o
LOAD ./Drivers/STM32L4xx_HAL_Driver/Src/stm32l4xx_hal_uart_ex.o
START GROUP
LOAD /Applications/STM32CubeIDE.app/Contents/Eclipse/plugins/com.st.stm32cube.ide.mcu.externaltools.gnu-tools-for-stm32.13.3.rel1.macos64_1.0.0.202411102158/tools/bin/../lib/gcc/arm-none-eabi/13.3.1/../../../../arm-none-eabi/lib/thumb/v7e-m+fp/hard/libc_nano.a
LOAD /Applications/STM32CubeIDE.app/Contents/Eclipse/plugins/com.st.stm32cube.ide.mcu.externaltools.gnu-tools-for-stm32.13.3.rel1.macos64_1.0.0.202411102158/tools/bin/../lib/gcc/arm-none-eabi/13.3.1/../../../../arm-none-eabi/lib/thumb/v7e-m+fp/hard/libm.a
END GROUP
START GROUP
LOAD /Applications/STM32CubeIDE.app/Contents/Eclipse/plugins/com.st.stm32cube.ide.mcu.externaltools.gnu-tools-for-stm32.13.3.rel1.macos64_1.0.0.202411102158/tools/bin/../lib/gcc/arm-none-eabi/13.3.1/thumb/v7e-m+fp/hard/libgcc.a
LOAD /Applications/STM32CubeIDE.app/Contents/Eclipse/plugins/com.st.stm32cube.ide.mcu.externaltools.gnu-tools-for-stm32.13.3.rel1.macos64_1.0.0.202411102158/tools/bin/../lib/gcc/arm-none-eabi/13.3.1/../../../../arm-none-eabi/lib/thumb/v7e-m+fp/hard/libc_nano.a
END GROUP
START GROUP
LOAD /Applications/STM32CubeIDE.app/Contents/Eclipse/plugins/com.st.stm32cube.ide.mcu.externaltools.gnu-tools-for-stm32.13.3.rel1.macos64_1.0.0.202411102158/tools/bin/../lib/gcc/arm-none-eabi/13.3.1/thumb/v7e-m+fp/hard/libgcc.a
LOAD /Applications/STM32CubeIDE.app/Contents/Eclipse/plugins/com.st.stm32cube.ide.mcu.externaltools.gnu-tools-for-stm32.13.3.rel1.macos64_1.0.0.202411102158/tools/bin/../lib/gcc/arm-none-eabi/13.3.1/../../../../arm-none-eabi/lib/thumb/v7e-m+fp/hard/libc_nano.a
LOAD /Applications/STM32CubeIDE.app/Contents/Eclipse/plugins/com.st.stm32cube.ide.mcu.externaltools.gnu-tools-for-stm32.13.3.rel1.macos64_1.0.0.202411102158/tools/bin/../lib/gcc/arm-none-eabi/13.3.1/../../../../arm-none-eabi/lib/thumb/v7e-m+fp/hard/libnosys.a
END GROUP
START GROUP
LOAD /Applications/STM32CubeIDE.app/Contents/Eclipse/plugins/com.st.stm32cube.ide.mcu.externaltools.gnu-tools-for-stm32.13.3.rel1.macos64_1.0.0.202411102158/tools/bin/../lib/gcc/arm-none-eabi/13.3.1/thumb/v7e-m+fp/hard/libgcc.a
LOAD /Applications/STM32CubeIDE.app/Contents/Eclipse/plugins/com.st.stm32cube.ide.mcu.externaltools.gnu-tools-for-stm32.13.3.rel1.macos64_1.0.0.202411102158/tools/bin/../lib/gcc/arm-none-eabi/13.3.1/../../../../arm-none-eabi/lib/thumb/v7e-m+fp/hard/libc_nano.a
LOAD /Applications/STM32CubeIDE.app/Contents/Eclipse/plugins/com.st.stm32cube.ide.mcu.externaltools.gnu-tools-for-stm32.13.3.rel1.macos64_1.0.0.202411102158/tools/bin/../lib/gcc/arm-none-eabi/13.3.1/../../../../arm-none-eabi/lib/thumb/v7e-m+fp/hard/libnosys.a
END GROUP
LOAD /Applications/STM32CubeIDE.app/Contents/Eclipse/plugins/com.st.stm32cube.ide.mcu.externaltools.gnu-tools-for-stm32.13.3.rel1.macos64_1.0.0.202411102158/tools/bin/../lib/gcc/arm-none-eabi/13.3.1/thumb/v7e-m+fp/hard/crtend.o
LOAD /Applications/STM32CubeIDE.app/Contents/Eclipse/plugins/com.st.stm32cube.ide.mcu.externaltools.gnu-tools-for-stm32.13.3.rel1.macos64_1.0.0.202411102158/tools/bin/../lib/gcc/arm-none-eabi/13.3.1/thumb/v7e-m+fp/hard/crtn.o
                0x200a0000                        _estack = (ORIGIN (RAM3) + LENGTH (RAM3))
                0x00000200                        _Min_Heap_Size = 0x200
                0x00000400                        _Min_Stack_Size = 0x400

.isr_vector     0x08000000      0x1bc
                0x08000000                        . = ALIGN (0x4)
 *(.isr_vector)
 .isr_vector    0x08000000      0x1bc ./Core/Startup/startup_stm32l4r5zitxp.o
                0x08000000                g_pfnVectors
                0x080001bc                        . = ALIGN (0x4)

.text           0x080001c0     0xdcf4
                0x080001c0                        . = ALIGN (0x4)
 *(.text)
 .text          0x080001c0       0x40 /Applications/STM32CubeIDE.app/Contents/Eclipse/plugins/com.st.stm32cube.ide.mcu.externaltools.gnu-tools-for-stm32.13.3.rel1.macos64_1.0.0.202411102158/tools/bin/../lib/gcc/arm-none-eabi/13.3.1/thumb/v7e-m+fp/hard/crtbegin.o
 .text          0x08000200       0xa0 /Applications/STM32CubeIDE.app/Contents/Eclipse/plugins/com.st.stm32cube.ide.mcu.externaltools.gnu-tools-for-stm32.13.3.rel1.macos64_1.0.0.202411102158/tools/bin/../lib/gcc/arm-none-eabi/13.3.1/../../../../arm-none-eabi/lib/thumb/v7e-m+fp/hard/libc_nano.a(libc_a-memchr.o)
                0x08000200                memchr
 .text          0x080002a0       0x10 /Applications/STM32CubeIDE.app/Contents/Eclipse/plugins/com.st.stm32cube.ide.mcu.externaltools.gnu-tools-for-stm32.13.3.rel1.macos64_1.0.0.202411102158/tools/bin/../lib/gcc/arm-none-eabi/13.3.1/../../../../arm-none-eabi/lib/thumb/v7e-m+fp/hard/libc_nano.a(libc_a-strlen.o)
                0x080002a0                strlen
 .text          0x080002b0      0x378 /Applications/STM32CubeIDE.app/Contents/Eclipse/plugins/com.st.stm32cube.ide.mcu.externaltools.gnu-tools-for-stm32.13.3.rel1.macos64_1.0.0.202411102158/tools/bin/../lib/gcc/arm-none-eabi/13.3.1/thumb/v7e-m+fp/hard/libgcc.a(_arm_addsubdf3.o)
                0x080002b0                __aeabi_drsub
                0x080002b8                __subdf3
                0x080002b8                __aeabi_dsub
                0x080002bc                __aeabi_dadd
                0x080002bc                __adddf3
                0x08000534                __aeabi_ui2d
                0x08000534                __floatunsidf
                0x08000554                __floatsidf
                0x08000554                __aeabi_i2d
                0x08000578                __extendsfdf2
                0x08000578                __aeabi_f2d
                0x080005bc                __aeabi_ul2d
                0x080005bc                __floatundidf
                0x080005cc                __aeabi_l2d
                0x080005cc                __floatdidf
 .text          0x08000628      0x424 /Applications/STM32CubeIDE.app/Contents/Eclipse/plugins/com.st.stm32cube.ide.mcu.externaltools.gnu-tools-for-stm32.13.3.rel1.macos64_1.0.0.202411102158/tools/bin/../lib/gcc/arm-none-eabi/13.3.1/thumb/v7e-m+fp/hard/libgcc.a(_arm_muldivdf3.o)
                0x08000628                __aeabi_dmul
                0x08000628                __muldf3
                0x0800087c                __aeabi_ddiv
                0x0800087c                __divdf3
 .text          0x08000a4c      0x110 /Applications/STM32CubeIDE.app/Contents/Eclipse/plugins/com.st.stm32cube.ide.mcu.externaltools.gnu-tools-for-stm32.13.3.rel1.macos64_1.0.0.202411102158/tools/bin/../lib/gcc/arm-none-eabi/13.3.1/thumb/v7e-m+fp/hard/libgcc.a(_arm_cmpdf2.o)
                0x08000a4c                __gedf2
                0x08000a4c                __gtdf2
                0x08000a54                __ledf2
                0x08000a54                __ltdf2
                0x08000a5c                __cmpdf2
                0x08000a5c                __eqdf2
                0x08000a5c                __nedf2
                0x08000ad8                __aeabi_cdrcmple
                0x08000ae8                __aeabi_cdcmple
                0x08000ae8                __aeabi_cdcmpeq
                0x08000af8                __aeabi_dcmpeq
                0x08000b0c                __aeabi_dcmplt
                0x08000b20                __aeabi_dcmple
                0x08000b34                __aeabi_dcmpge
                0x08000b48                __aeabi_dcmpgt
 .text          0x08000b5c       0x2c /Applications/STM32CubeIDE.app/Contents/Eclipse/plugins/com.st.stm32cube.ide.mcu.externaltools.gnu-tools-for-stm32.13.3.rel1.macos64_1.0.0.202411102158/tools/bin/../lib/gcc/arm-none-eabi/13.3.1/thumb/v7e-m+fp/hard/libgcc.a(_arm_unorddf2.o)
                0x08000b5c                __aeabi_dcmpun
                0x08000b5c                __unorddf2
 .text          0x08000b88       0x50 /Applications/STM32CubeIDE.app/Contents/Eclipse/plugins/com.st.stm32cube.ide.mcu.externaltools.gnu-tools-for-stm32.13.3.rel1.macos64_1.0.0.202411102158/tools/bin/../lib/gcc/arm-none-eabi/13.3.1/thumb/v7e-m+fp/hard/libgcc.a(_arm_fixdfsi.o)
                0x08000b88                __fixdfsi
                0x08000b88                __aeabi_d2iz
 .text          0x08000bd8       0x40 /Applications/STM32CubeIDE.app/Contents/Eclipse/plugins/com.st.stm32cube.ide.mcu.externaltools.gnu-tools-for-stm32.13.3.rel1.macos64_1.0.0.202411102158/tools/bin/../lib/gcc/arm-none-eabi/13.3.1/thumb/v7e-m+fp/hard/libgcc.a(_arm_fixunsdfsi.o)
                0x08000bd8                __fixunsdfsi
                0x08000bd8                __aeabi_d2uiz
 .text          0x08000c18       0x30 /Applications/STM32CubeIDE.app/Contents/Eclipse/plugins/com.st.stm32cube.ide.mcu.externaltools.gnu-tools-for-stm32.13.3.rel1.macos64_1.0.0.202411102158/tools/bin/../lib/gcc/arm-none-eabi/13.3.1/thumb/v7e-m+fp/hard/libgcc.a(_aeabi_uldivmod.o)
                0x08000c18                __aeabi_uldivmod
 .text          0x08000c48      0x2f8 /Applications/STM32CubeIDE.app/Contents/Eclipse/plugins/com.st.stm32cube.ide.mcu.externaltools.gnu-tools-for-stm32.13.3.rel1.macos64_1.0.0.202411102158/tools/bin/../lib/gcc/arm-none-eabi/13.3.1/thumb/v7e-m+fp/hard/libgcc.a(_udivmoddi4.o)
                0x08000c48                __udivmoddi4
 .text          0x08000f40        0x4 /Applications/STM32CubeIDE.app/Contents/Eclipse/plugins/com.st.stm32cube.ide.mcu.externaltools.gnu-tools-for-stm32.13.3.rel1.macos64_1.0.0.202411102158/tools/bin/../lib/gcc/arm-none-eabi/13.3.1/thumb/v7e-m+fp/hard/libgcc.a(_dvmd_tls.o)
                0x08000f40                __aeabi_ldiv0
                0x08000f40                __aeabi_idiv0
 *(.text*)
 .text.Knob_Set_Position
                0x08000f44       0x5c ./Core/Src/Modulino_Knob.o
                0x08000f44                Knob_Set_Position
 .text.Knob_Read_Position
                0x08000fa0       0x38 ./Core/Src/Modulino_Knob.o
                0x08000fa0                Knob_Read_Position
 .text._write   0x08000fd8       0x2c ./Core/Src/main.o
                0x08000fd8                _write
 *fill*         0x08001004        0x4 
 .text.motor_set_duty
                0x08001008       0x88 ./Core/Src/main.o
 .text.TM1637_Init
                0x08001090       0xb8 ./Core/Src/main.o
                0x08001090                TM1637_Init
 .text.PID_Start
                0x08001148       0xec ./Core/Src/main.o
                0x08001148                PID_Start
 .text.updatePWM
                0x08001234      0x270 ./Core/Src/main.o
                0x08001234                updatePWM
 .text.HAL_GPIO_EXTI_Callback
                0x080014a4       0x28 ./Core/Src/main.o
                0x080014a4                HAL_GPIO_EXTI_Callback
 .text.network_handler
                0x080014cc      0x108 ./Core/Src/main.o
                0x080014cc                network_handler
 .text.main     0x080015d4      0x104 ./Core/Src/main.o
                0x080015d4                main
 .text.SystemClock_Config
                0x080016d8       0x8c ./Core/Src/main.o
                0x080016d8                SystemClock_Config
 .text.MX_I2C1_Init
                0x08001764       0x80 ./Core/Src/main.o
 .text.MX_LPUART1_UART_Init
                0x080017e4       0x98 ./Core/Src/main.o
 .text.MX_SPI1_Init
                0x0800187c       0x7c ./Core/Src/main.o
 .text.MX_TIM2_Init
                0x080018f8       0xec ./Core/Src/main.o
 .text.MX_GPIO_Init
                0x080019e4      0x524 ./Core/Src/main.o
 .text.Error_Handler
                0x08001f08        0xc ./Core/Src/main.o
                0x08001f08                Error_Handler
 .text.wizchip_select
                0x08001f14       0x18 ./Core/Src/net_w5500.o
 .text.wizchip_deselect
                0x08001f2c       0x18 ./Core/Src/net_w5500.o
 .text.wizchip_read
                0x08001f44       0x30 ./Core/Src/net_w5500.o
 .text.wizchip_write
                0x08001f74       0x2c ./Core/Src/net_w5500.o
 .text.wizchip_readburst
                0x08001fa0       0x2c ./Core/Src/net_w5500.o
 .text.wizchip_writeburst
                0x08001fcc       0x2c ./Core/Src/net_w5500.o
 .text.wizchip_hw_reset
                0x08001ff8       0x30 ./Core/Src/net_w5500.o
 .text.w5500_chip_init
                0x08002028       0x80 ./Core/Src/net_w5500.o
                0x08002028                w5500_chip_init
 .text.net_print_info
                0x080020a8       0xe4 ./Core/Src/net_w5500.o
                0x080020a8                net_print_info
 .text.ethernet_start
                0x0800218c       0x70 ./Core/Src/net_w5500.o
                0x0800218c                ethernet_start
 .text.rb_count
                0x080021fc       0x34 ./Core/Src/net_w5500.o
 .text.rb_space
                0x08002230       0x16 ./Core/Src/net_w5500.o
 *fill*         0x08002246        0x2 
 .text.rb_push_byte
                0x08002248       0x4c ./Core/Src/net_w5500.o
 .text.net_start_server
                0x08002294       0x94 ./Core/Src/net_w5500.o
                0x08002294                net_start_server
 .text.net_is_connected
                0x08002328       0x30 ./Core/Src/net_w5500.o
                0x08002328                net_is_connected
 .text.net_poll
                0x08002358      0x154 ./Core/Src/net_w5500.o
                0x08002358                net_poll
 .text.net_send
                0x080024ac       0xcc ./Core/Src/net_w5500.o
                0x080024ac                net_send
 .text.net_send_str
                0x08002578       0x24 ./Core/Src/net_w5500.o
                0x08002578                net_send_str
 .text.rb_peek_at
                0x0800259c       0x30 ./Core/Src/net_w5500.o
 .text.rb_drop_n
                0x080025cc       0x30 ./Core/Src/net_w5500.o
 .text.net_recv_line
                0x080025fc      0x11e ./Core/Src/net_w5500.o
                0x080025fc                net_recv_line
 .text.PID_Init
                0x0800271a       0x74 ./Core/Src/pid.o
                0x0800271a                PID_Init
 *fill*         0x0800278e        0x2 
 .text.PID      0x08002790       0x98 ./Core/Src/pid.o
                0x08002790                PID
 .text.PID2     0x08002828       0x44 ./Core/Src/pid.o
                0x08002828                PID2
 .text.PID_Compute
                0x0800286c      0x1d4 ./Core/Src/pid.o
                0x0800286c                PID_Compute
 .text.PID_SetMode
                0x08002a40       0x3c ./Core/Src/pid.o
                0x08002a40                PID_SetMode
 .text.PID_SetOutputLimits
                0x08002a7c       0xdc ./Core/Src/pid.o
                0x08002a7c                PID_SetOutputLimits
 .text.PID_SetTunings2
                0x08002b58      0x150 ./Core/Src/pid.o
                0x08002b58                PID_SetTunings2
 .text.PID_SetControllerDirection
                0x08002ca8       0x80 ./Core/Src/pid.o
                0x08002ca8                PID_SetControllerDirection
 .text.PID_SetSampleTime
                0x08002d28       0x76 ./Core/Src/pid.o
                0x08002d28                PID_SetSampleTime
 *fill*         0x08002d9e        0x2 
 .text.socket   0x08002da0      0x268 ./Core/Src/socket.o
                0x08002da0                socket
 .text.close    0x08003008       0xdc ./Core/Src/socket.o
                0x08003008                close
 .text.listen   0x080030e4       0xb2 ./Core/Src/socket.o
                0x080030e4                listen
 *fill*         0x08003196        0x2 
 .text.disconnect
                0x08003198      0x104 ./Core/Src/socket.o
                0x08003198                disconnect
 .text.send     0x0800329c      0x2a8 ./Core/Src/socket.o
                0x0800329c                send
 .text.recv     0x08003544      0x164 ./Core/Src/socket.o
                0x08003544                recv
 .text.HAL_MspInit
                0x080036a8       0x48 ./Core/Src/stm32l4xx_hal_msp.o
                0x080036a8                HAL_MspInit
 .text.HAL_I2C_MspInit
                0x080036f0       0xbc ./Core/Src/stm32l4xx_hal_msp.o
                0x080036f0                HAL_I2C_MspInit
 .text.HAL_UART_MspInit
                0x080037ac       0xc0 ./Core/Src/stm32l4xx_hal_msp.o
                0x080037ac                HAL_UART_MspInit
 .text.HAL_SPI_MspInit
                0x0800386c       0x84 ./Core/Src/stm32l4xx_hal_msp.o
                0x0800386c                HAL_SPI_MspInit
 .text.HAL_TIM_Base_MspInit
                0x080038f0       0x84 ./Core/Src/stm32l4xx_hal_msp.o
                0x080038f0                HAL_TIM_Base_MspInit
 .text.HAL_TIM_MspPostInit
                0x08003974       0x68 ./Core/Src/stm32l4xx_hal_msp.o
                0x08003974                HAL_TIM_MspPostInit
 .text.NMI_Handler
                0x080039dc        0x8 ./Core/Src/stm32l4xx_it.o
                0x080039dc                NMI_Handler
 .text.HardFault_Handler
                0x080039e4        0x8 ./Core/Src/stm32l4xx_it.o
                0x080039e4                HardFault_Handler
 .text.MemManage_Handler
                0x080039ec        0x8 ./Core/Src/stm32l4xx_it.o
                0x080039ec                MemManage_Handler
 .text.BusFault_Handler
                0x080039f4        0x8 ./Core/Src/stm32l4xx_it.o
                0x080039f4                BusFault_Handler
 .text.UsageFault_Handler
                0x080039fc        0x8 ./Core/Src/stm32l4xx_it.o
                0x080039fc                UsageFault_Handler
 .text.SVC_Handler
                0x08003a04        0xe ./Core/Src/stm32l4xx_it.o
                0x08003a04                SVC_Handler
 .text.DebugMon_Handler
                0x08003a12        0xe ./Core/Src/stm32l4xx_it.o
                0x08003a12                DebugMon_Handler
 .text.PendSV_Handler
                0x08003a20        0xe ./Core/Src/stm32l4xx_it.o
                0x08003a20                PendSV_Handler
 .text.SysTick_Handler
                0x08003a2e        0xc ./Core/Src/stm32l4xx_it.o
                0x08003a2e                SysTick_Handler
 .text.EXTI4_IRQHandler
                0x08003a3a        0xe ./Core/Src/stm32l4xx_it.o
                0x08003a3a                EXTI4_IRQHandler
 .text.EXTI9_5_IRQHandler
                0x08003a48       0x14 ./Core/Src/stm32l4xx_it.o
                0x08003a48                EXTI9_5_IRQHandler
 .text.EXTI15_10_IRQHandler
                0x08003a5c       0x10 ./Core/Src/stm32l4xx_it.o
                0x08003a5c                EXTI15_10_IRQHandler
 .text._getpid  0x08003a6c       0x10 ./Core/Src/syscalls.o
                0x08003a6c                _getpid
 .text._kill    0x08003a7c       0x20 ./Core/Src/syscalls.o
                0x08003a7c                _kill
 .text._exit    0x08003a9c       0x16 ./Core/Src/syscalls.o
                0x08003a9c                _exit
 .text._read    0x08003ab2       0x3a ./Core/Src/syscalls.o
                0x08003ab2                _read
 .text._close   0x08003aec       0x18 ./Core/Src/syscalls.o
                0x08003aec                _close
 .text._fstat   0x08003b04       0x20 ./Core/Src/syscalls.o
                0x08003b04                _fstat
 .text._isatty  0x08003b24       0x16 ./Core/Src/syscalls.o
                0x08003b24                _isatty
 .text._lseek   0x08003b3a       0x1a ./Core/Src/syscalls.o
                0x08003b3a                _lseek
 .text._sbrk    0x08003b54       0x6c ./Core/Src/sysmem.o
                0x08003b54                _sbrk
 .text.SystemInit
                0x08003bc0       0x24 ./Core/Src/system_stm32l4xx.o
                0x08003bc0                SystemInit
 .text.tm1637_init
                0x08003be4       0x3e ./Core/Src/tm1637.o
                0x08003be4                tm1637_init
 .text.tm1637_brightness
                0x08003c22       0x5a ./Core/Src/tm1637.o
                0x08003c22                tm1637_brightness
 .text.tm1637_raw
                0x08003c7c       0x6a ./Core/Src/tm1637.o
                0x08003c7c                tm1637_raw
 *fill*         0x08003ce6        0x2 
 .text.tm1637_str
                0x08003ce8      0x384 ./Core/Src/tm1637.o
                0x08003ce8                tm1637_str
 .text.tm1637_printf
                0x0800406c       0x52 ./Core/Src/tm1637.o
                0x0800406c                tm1637_printf
 .text.tm1637_clear
                0x080040be       0x28 ./Core/Src/tm1637.o
                0x080040be                tm1637_clear
 .text.tm1637_delay
                0x080040e6       0x28 ./Core/Src/tm1637.o
 .text.tm1637_start
                0x0800410e       0x3a ./Core/Src/tm1637.o
 .text.tm1637_stop
                0x08004148       0x3e ./Core/Src/tm1637.o
 .text.tm1637_write
                0x08004186       0xe6 ./Core/Src/tm1637.o
 .text.WIZCHIP_READ
                0x0800426c       0x98 ./Core/Src/w5500.o
                0x0800426c                WIZCHIP_READ
 .text.WIZCHIP_WRITE
                0x08004304       0x9c ./Core/Src/w5500.o
                0x08004304                WIZCHIP_WRITE
 .text.WIZCHIP_READ_BUF
                0x080043a0       0xc0 ./Core/Src/w5500.o
                0x080043a0                WIZCHIP_READ_BUF
 .text.WIZCHIP_WRITE_BUF
                0x08004460       0xc0 ./Core/Src/w5500.o
                0x08004460                WIZCHIP_WRITE_BUF
 .text.getSn_TX_FSR
                0x08004520       0x92 ./Core/Src/w5500.o
                0x08004520                getSn_TX_FSR
 .text.getSn_RX_RSR
                0x080045b2       0x92 ./Core/Src/w5500.o
                0x080045b2                getSn_RX_RSR
 .text.wiz_send_data
                0x08004644       0xb4 ./Core/Src/w5500.o
                0x08004644                wiz_send_data
 .text.wiz_recv_data
                0x080046f8       0xb4 ./Core/Src/w5500.o
                0x080046f8                wiz_recv_data
 .text.wizchip_cris_enter
                0x080047ac        0xe ./Core/Src/wizchip_conf.o
                0x080047ac                wizchip_cris_enter
 .text.wizchip_cris_exit
                0x080047ba        0xe ./Core/Src/wizchip_conf.o
                0x080047ba                wizchip_cris_exit
 .text.wizchip_cs_select
                0x080047c8        0xe ./Core/Src/wizchip_conf.o
                0x080047c8                wizchip_cs_select
 .text.wizchip_cs_deselect
                0x080047d6        0xe ./Core/Src/wizchip_conf.o
                0x080047d6                wizchip_cs_deselect
 .text.wizchip_bus_readdata
                0x080047e4       0x1a ./Core/Src/wizchip_conf.o
                0x080047e4                wizchip_bus_readdata
 .text.wizchip_bus_writedata
                0x080047fe       0x1e ./Core/Src/wizchip_conf.o
                0x080047fe                wizchip_bus_writedata
 .text.wizchip_spi_readbyte
                0x0800481c       0x10 ./Core/Src/wizchip_conf.o
                0x0800481c                wizchip_spi_readbyte
 .text.wizchip_spi_writebyte
                0x0800482c       0x16 ./Core/Src/wizchip_conf.o
                0x0800482c                wizchip_spi_writebyte
 *fill*         0x08004842        0x2 
 .text.wizchip_spi_readburst
                0x08004844       0x40 ./Core/Src/wizchip_conf.o
                0x08004844                wizchip_spi_readburst
 .text.wizchip_spi_writeburst
                0x08004884       0x40 ./Core/Src/wizchip_conf.o
                0x08004884                wizchip_spi_writeburst
 .text.reg_wizchip_cs_cbfunc
                0x080048c4       0x4c ./Core/Src/wizchip_conf.o
                0x080048c4                reg_wizchip_cs_cbfunc
 .text.reg_wizchip_spi_cbfunc
                0x08004910       0x58 ./Core/Src/wizchip_conf.o
                0x08004910                reg_wizchip_spi_cbfunc
 .text.reg_wizchip_spiburst_cbfunc
                0x08004968       0x58 ./Core/Src/wizchip_conf.o
                0x08004968                reg_wizchip_spiburst_cbfunc
 .text.ctlwizchip
                0x080049c0      0x1e0 ./Core/Src/wizchip_conf.o
                0x080049c0                ctlwizchip
 .text.ctlnetwork
                0x08004ba0       0x7c ./Core/Src/wizchip_conf.o
                0x08004ba0                ctlnetwork
 .text.wizchip_sw_reset
                0x08004c1c       0x98 ./Core/Src/wizchip_conf.o
                0x08004c1c                wizchip_sw_reset
 .text.wizchip_init
                0x08004cb4      0x118 ./Core/Src/wizchip_conf.o
                0x08004cb4                wizchip_init
 .text.wizchip_clrinterrupt
                0x08004dcc       0x68 ./Core/Src/wizchip_conf.o
                0x08004dcc                wizchip_clrinterrupt
 .text.wizchip_getinterrupt
                0x08004e34       0x48 ./Core/Src/wizchip_conf.o
                0x08004e34                wizchip_getinterrupt
 .text.wizchip_setinterruptmask
                0x08004e7c       0x36 ./Core/Src/wizchip_conf.o
                0x08004e7c                wizchip_setinterruptmask
 .text.wizchip_getinterruptmask
                0x08004eb2       0x44 ./Core/Src/wizchip_conf.o
                0x08004eb2                wizchip_getinterruptmask
 .text.wizphy_getphylink
                0x08004ef6       0x2c ./Core/Src/wizchip_conf.o
                0x08004ef6                wizphy_getphylink
 .text.wizphy_getphypmode
                0x08004f22       0x32 ./Core/Src/wizchip_conf.o
                0x08004f22                wizphy_getphypmode
 .text.wizphy_reset
                0x08004f54       0x4e ./Core/Src/wizchip_conf.o
                0x08004f54                wizphy_reset
 .text.wizphy_setphyconf
                0x08004fa2       0x84 ./Core/Src/wizchip_conf.o
                0x08004fa2                wizphy_setphyconf
 *fill*         0x08005026        0x2 
 .text.wizphy_getphyconf
                0x08005028       0xd4 ./Core/Src/wizchip_conf.o
                0x08005028                wizphy_getphyconf
 .text.wizphy_getphystat
                0x080050fc       0x3c ./Core/Src/wizchip_conf.o
                0x080050fc                wizphy_getphystat
 .text.wizphy_setphypmode
                0x08005138       0x94 ./Core/Src/wizchip_conf.o
                0x08005138                wizphy_setphypmode
 .text.wizchip_setnetinfo
                0x080051cc       0x80 ./Core/Src/wizchip_conf.o
                0x080051cc                wizchip_setnetinfo
 .text.wizchip_getnetinfo
                0x0800524c       0x80 ./Core/Src/wizchip_conf.o
                0x0800524c                wizchip_getnetinfo
 .text.wizchip_setnetmode
                0x080052cc       0x44 ./Core/Src/wizchip_conf.o
                0x080052cc                wizchip_setnetmode
 .text.wizchip_getnetmode
                0x08005310       0x10 ./Core/Src/wizchip_conf.o
                0x08005310                wizchip_getnetmode
 .text.wizchip_settimeout
                0x08005320       0x42 ./Core/Src/wizchip_conf.o
                0x08005320                wizchip_settimeout
 .text.wizchip_gettimeout
                0x08005362       0x40 ./Core/Src/wizchip_conf.o
                0x08005362                wizchip_gettimeout
 *fill*         0x080053a2        0x2 
 .text.Reset_Handler
                0x080053a4       0x50 ./Core/Startup/startup_stm32l4r5zitxp.o
                0x080053a4                Reset_Handler
 .text.Default_Handler
                0x080053f4        0x2 ./Core/Startup/startup_stm32l4r5zitxp.o
                0x080053f4                TIM1_BRK_TIM15_IRQHandler
                0x080053f4                EXTI2_IRQHandler
                0x080053f4                TIM8_TRG_COM_IRQHandler
                0x080053f4                TIM8_CC_IRQHandler
                0x080053f4                TIM1_CC_IRQHandler
                0x080053f4                TSC_IRQHandler
                0x080053f4                TAMP_STAMP_IRQHandler
                0x080053f4                EXTI3_IRQHandler
                0x080053f4                LPTIM2_IRQHandler
                0x080053f4                DFSDM1_FLT1_IRQHandler
                0x080053f4                GFXMMU_IRQHandler
                0x080053f4                I2C3_ER_IRQHandler
                0x080053f4                DFSDM1_FLT2_IRQHandler
                0x080053f4                EXTI0_IRQHandler
                0x080053f4                I2C2_EV_IRQHandler
                0x080053f4                CAN1_RX0_IRQHandler
                0x080053f4                FPU_IRQHandler
                0x080053f4                TIM1_UP_TIM16_IRQHandler
                0x080053f4                LTDC_ER_IRQHandler
                0x080053f4                SPI1_IRQHandler
                0x080053f4                OCTOSPI1_IRQHandler
                0x080053f4                TIM6_DAC_IRQHandler
                0x080053f4                DCMI_IRQHandler
                0x080053f4                TIM8_UP_IRQHandler
                0x080053f4                OCTOSPI2_IRQHandler
                0x080053f4                DMA2_Channel2_IRQHandler
                0x080053f4                DMA1_Channel4_IRQHandler
                0x080053f4                SAI2_IRQHandler
                0x080053f4                ADC1_IRQHandler
                0x080053f4                DFSDM1_FLT3_IRQHandler
                0x080053f4                USART3_IRQHandler
                0x080053f4                DMA1_Channel7_IRQHandler
                0x080053f4                CAN1_RX1_IRQHandler
                0x080053f4                UART5_IRQHandler
                0x080053f4                TIM4_IRQHandler
                0x080053f4                DMA2_Channel1_IRQHandler
                0x080053f4                I2C1_EV_IRQHandler
                0x080053f4                DMAMUX1_OVR_IRQHandler
                0x080053f4                DMA1_Channel6_IRQHandler
                0x080053f4                UART4_IRQHandler
                0x080053f4                DMA2_Channel4_IRQHandler
                0x080053f4                TIM3_IRQHandler
                0x080053f4                RCC_IRQHandler
                0x080053f4                DMA1_Channel1_IRQHandler
                0x080053f4                Default_Handler
                0x080053f4                DMA2_Channel7_IRQHandler
                0x080053f4                TIM7_IRQHandler
                0x080053f4                SDMMC1_IRQHandler
                0x080053f4                TIM5_IRQHandler
                0x080053f4                I2C3_EV_IRQHandler
                0x080053f4                RTC_WKUP_IRQHandler
                0x080053f4                LTDC_IRQHandler
                0x080053f4                PVD_PVM_IRQHandler
                0x080053f4                SPI2_IRQHandler
                0x080053f4                CAN1_TX_IRQHandler
                0x080053f4                DMA2_Channel5_IRQHandler
                0x080053f4                CRS_IRQHandler
                0x080053f4                DMA1_Channel5_IRQHandler
                0x080053f4                RNG_IRQHandler
                0x080053f4                TIM1_TRG_COM_TIM17_IRQHandler
                0x080053f4                DMA1_Channel3_IRQHandler
                0x080053f4                COMP_IRQHandler
                0x080053f4                WWDG_IRQHandler
                0x080053f4                I2C4_EV_IRQHandler
                0x080053f4                LPUART1_IRQHandler
                0x080053f4                DMA2_Channel6_IRQHandler
                0x080053f4                TIM2_IRQHandler
                0x080053f4                DMA2D_IRQHandler
                0x080053f4                EXTI1_IRQHandler
                0x080053f4                USART2_IRQHandler
                0x080053f4                DFSDM1_FLT0_IRQHandler
                0x080053f4                I2C2_ER_IRQHandler
                0x080053f4                DMA1_Channel2_IRQHandler
                0x080053f4                TIM8_BRK_IRQHandler
                0x080053f4                CAN1_SCE_IRQHandler
                0x080053f4                FLASH_IRQHandler
                0x080053f4                USART1_IRQHandler
                0x080053f4                OTG_FS_IRQHandler
                0x080053f4                SPI3_IRQHandler
                0x080053f4                I2C1_ER_IRQHandler
                0x080053f4                FMC_IRQHandler
                0x080053f4                LPTIM1_IRQHandler
                0x080053f4                I2C4_ER_IRQHandler
                0x080053f4                SAI1_IRQHandler
                0x080053f4                DMA2_Channel3_IRQHandler
                0x080053f4                RTC_Alarm_IRQHandler
 .text.HAL_Init
                0x080053f6       0x30 ./Drivers/STM32L4xx_HAL_Driver/Src/stm32l4xx_hal.o
                0x080053f6                HAL_Init
 *fill*         0x08005426        0x2 
 .text.HAL_InitTick
                0x08005428       0x78 ./Drivers/STM32L4xx_HAL_Driver/Src/stm32l4xx_hal.o
                0x08005428                HAL_InitTick
 .text.HAL_IncTick
                0x080054a0       0x28 ./Drivers/STM32L4xx_HAL_Driver/Src/stm32l4xx_hal.o
                0x080054a0                HAL_IncTick
 .text.HAL_GetTick
                0x080054c8       0x18 ./Drivers/STM32L4xx_HAL_Driver/Src/stm32l4xx_hal.o
                0x080054c8                HAL_GetTick
 .text.HAL_Delay
                0x080054e0       0x48 ./Drivers/STM32L4xx_HAL_Driver/Src/stm32l4xx_hal.o
                0x080054e0                HAL_Delay
 .text.__NVIC_SetPriorityGrouping
                0x08005528       0x48 ./Drivers/STM32L4xx_HAL_Driver/Src/stm32l4xx_hal_cortex.o
 .text.__NVIC_GetPriorityGrouping
                0x08005570       0x1c ./Drivers/STM32L4xx_HAL_Driver/Src/stm32l4xx_hal_cortex.o
 .text.__NVIC_EnableIRQ
                0x0800558c       0x3c ./Drivers/STM32L4xx_HAL_Driver/Src/stm32l4xx_hal_cortex.o
 .text.__NVIC_SetPriority
                0x080055c8       0x54 ./Drivers/STM32L4xx_HAL_Driver/Src/stm32l4xx_hal_cortex.o
 .text.NVIC_EncodePriority
                0x0800561c       0x66 ./Drivers/STM32L4xx_HAL_Driver/Src/stm32l4xx_hal_cortex.o
 *fill*         0x08005682        0x2 
 .text.SysTick_Config
                0x08005684       0x44 ./Drivers/STM32L4xx_HAL_Driver/Src/stm32l4xx_hal_cortex.o
 .text.HAL_NVIC_SetPriorityGrouping
                0x080056c8       0x16 ./Drivers/STM32L4xx_HAL_Driver/Src/stm32l4xx_hal_cortex.o
                0x080056c8                HAL_NVIC_SetPriorityGrouping
 .text.HAL_NVIC_SetPriority
                0x080056de       0x38 ./Drivers/STM32L4xx_HAL_Driver/Src/stm32l4xx_hal_cortex.o
                0x080056de                HAL_NVIC_SetPriority
 .text.HAL_NVIC_EnableIRQ
                0x08005716       0x1c ./Drivers/STM32L4xx_HAL_Driver/Src/stm32l4xx_hal_cortex.o
                0x08005716                HAL_NVIC_EnableIRQ
 .text.HAL_SYSTICK_Config
                0x08005732       0x18 ./Drivers/STM32L4xx_HAL_Driver/Src/stm32l4xx_hal_cortex.o
                0x08005732                HAL_SYSTICK_Config
 *fill*         0x0800574a        0x2 
 .text.HAL_GPIO_Init
                0x0800574c      0x324 ./Drivers/STM32L4xx_HAL_Driver/Src/stm32l4xx_hal_gpio.o
                0x0800574c                HAL_GPIO_Init
 .text.HAL_GPIO_WritePin
                0x08005a70       0x30 ./Drivers/STM32L4xx_HAL_Driver/Src/stm32l4xx_hal_gpio.o
                0x08005a70                HAL_GPIO_WritePin
 .text.HAL_GPIO_EXTI_IRQHandler
                0x08005aa0       0x30 ./Drivers/STM32L4xx_HAL_Driver/Src/stm32l4xx_hal_gpio.o
                0x08005aa0                HAL_GPIO_EXTI_IRQHandler
 .text.HAL_I2C_Init
                0x08005ad0      0x136 ./Drivers/STM32L4xx_HAL_Driver/Src/stm32l4xx_hal_i2c.o
                0x08005ad0                HAL_I2C_Init
 *fill*         0x08005c06        0x2 
 .text.HAL_I2C_Master_Transmit
                0x08005c08      0x230 ./Drivers/STM32L4xx_HAL_Driver/Src/stm32l4xx_hal_i2c.o
                0x08005c08                HAL_I2C_Master_Transmit
 .text.HAL_I2C_Master_Receive
                0x08005e38      0x1ec ./Drivers/STM32L4xx_HAL_Driver/Src/stm32l4xx_hal_i2c.o
                0x08005e38                HAL_I2C_Master_Receive
 .text.I2C_Flush_TXDR
                0x08006024       0x48 ./Drivers/STM32L4xx_HAL_Driver/Src/stm32l4xx_hal_i2c.o
 .text.I2C_WaitOnFlagUntilTimeout
                0x0800606c       0xb2 ./Drivers/STM32L4xx_HAL_Driver/Src/stm32l4xx_hal_i2c.o
 .text.I2C_WaitOnTXISFlagUntilTimeout
                0x0800611e       0x8e ./Drivers/STM32L4xx_HAL_Driver/Src/stm32l4xx_hal_i2c.o
 .text.I2C_WaitOnSTOPFlagUntilTimeout
                0x080061ac       0x86 ./Drivers/STM32L4xx_HAL_Driver/Src/stm32l4xx_hal_i2c.o
 *fill*         0x08006232        0x2 
 .text.I2C_WaitOnRXNEFlagUntilTimeout
                0x08006234      0x118 ./Drivers/STM32L4xx_HAL_Driver/Src/stm32l4xx_hal_i2c.o
 .text.I2C_IsErrorOccurred
                0x0800634c      0x1c0 ./Drivers/STM32L4xx_HAL_Driver/Src/stm32l4xx_hal_i2c.o
 .text.I2C_TransferConfig
                0x0800650c       0x64 ./Drivers/STM32L4xx_HAL_Driver/Src/stm32l4xx_hal_i2c.o
 .text.HAL_I2CEx_ConfigAnalogFilter
                0x08006570       0x96 ./Drivers/STM32L4xx_HAL_Driver/Src/stm32l4xx_hal_i2c_ex.o
                0x08006570                HAL_I2CEx_ConfigAnalogFilter
 .text.HAL_I2CEx_ConfigDigitalFilter
                0x08006606       0x98 ./Drivers/STM32L4xx_HAL_Driver/Src/stm32l4xx_hal_i2c_ex.o
                0x08006606                HAL_I2CEx_ConfigDigitalFilter
 *fill*         0x0800669e        0x2 
 .text.HAL_PWREx_GetVoltageRange
                0x080066a0       0x40 ./Drivers/STM32L4xx_HAL_Driver/Src/stm32l4xx_hal_pwr_ex.o
                0x080066a0                HAL_PWREx_GetVoltageRange
 .text.HAL_PWREx_ControlVoltageScaling
                0x080066e0      0x148 ./Drivers/STM32L4xx_HAL_Driver/Src/stm32l4xx_hal_pwr_ex.o
                0x080066e0                HAL_PWREx_ControlVoltageScaling
 .text.HAL_PWREx_EnableVddIO2
                0x08006828       0x20 ./Drivers/STM32L4xx_HAL_Driver/Src/stm32l4xx_hal_pwr_ex.o
                0x08006828                HAL_PWREx_EnableVddIO2
 .text.HAL_RCC_OscConfig
                0x08006848      0x834 ./Drivers/STM32L4xx_HAL_Driver/Src/stm32l4xx_hal_rcc.o
                0x08006848                HAL_RCC_OscConfig
 .text.HAL_RCC_ClockConfig
                0x0800707c      0x274 ./Drivers/STM32L4xx_HAL_Driver/Src/stm32l4xx_hal_rcc.o
                0x0800707c                HAL_RCC_ClockConfig
 .text.HAL_RCC_GetSysClockFreq
                0x080072f0      0x118 ./Drivers/STM32L4xx_HAL_Driver/Src/stm32l4xx_hal_rcc.o
                0x080072f0                HAL_RCC_GetSysClockFreq
 .text.HAL_RCC_GetHCLKFreq
                0x08007408       0x18 ./Drivers/STM32L4xx_HAL_Driver/Src/stm32l4xx_hal_rcc.o
                0x08007408                HAL_RCC_GetHCLKFreq
 .text.HAL_RCC_GetPCLK1Freq
                0x08007420       0x2c ./Drivers/STM32L4xx_HAL_Driver/Src/stm32l4xx_hal_rcc.o
                0x08007420                HAL_RCC_GetPCLK1Freq
 .text.HAL_RCC_GetPCLK2Freq
                0x0800744c       0x2c ./Drivers/STM32L4xx_HAL_Driver/Src/stm32l4xx_hal_rcc.o
                0x0800744c                HAL_RCC_GetPCLK2Freq
 .text.RCC_SetFlashLatencyFromMSIRange
                0x08007478       0xb4 ./Drivers/STM32L4xx_HAL_Driver/Src/stm32l4xx_hal_rcc.o
 .text.RCC_GetSysClockFreqFromPLLSource
                0x0800752c       0xcc ./Drivers/STM32L4xx_HAL_Driver/Src/stm32l4xx_hal_rcc.o
 .text.HAL_RCCEx_PeriphCLKConfig
                0x080075f8      0x660 ./Drivers/STM32L4xx_HAL_Driver/Src/stm32l4xx_hal_rcc_ex.o
                0x080075f8                HAL_RCCEx_PeriphCLKConfig
 .text.RCCEx_PLLSAI1_Config
                0x08007c58      0x1e8 ./Drivers/STM32L4xx_HAL_Driver/Src/stm32l4xx_hal_rcc_ex.o
 .text.RCCEx_PLLSAI2_Config
                0x08007e40      0x1e8 ./Drivers/STM32L4xx_HAL_Driver/Src/stm32l4xx_hal_rcc_ex.o
 .text.HAL_SPI_Init
                0x08008028      0x146 ./Drivers/STM32L4xx_HAL_Driver/Src/stm32l4xx_hal_spi.o
                0x08008028                HAL_SPI_Init
 .text.HAL_SPI_TransmitReceive
                0x0800816e      0x43e ./Drivers/STM32L4xx_HAL_Driver/Src/stm32l4xx_hal_spi.o
                0x0800816e                HAL_SPI_TransmitReceive
 .text.SPI_WaitFlagStateUntilTimeout
                0x080085ac      0x110 ./Drivers/STM32L4xx_HAL_Driver/Src/stm32l4xx_hal_spi.o
 .text.SPI_WaitFifoStateUntilTimeout
                0x080086bc      0x12c ./Drivers/STM32L4xx_HAL_Driver/Src/stm32l4xx_hal_spi.o
 .text.SPI_EndRxTxTransaction
                0x080087e8       0x8c ./Drivers/STM32L4xx_HAL_Driver/Src/stm32l4xx_hal_spi.o
 .text.HAL_TIM_Base_Init
                0x08008874       0xae ./Drivers/STM32L4xx_HAL_Driver/Src/stm32l4xx_hal_tim.o
                0x08008874                HAL_TIM_Base_Init
 .text.HAL_TIM_PWM_Init
                0x08008922       0xae ./Drivers/STM32L4xx_HAL_Driver/Src/stm32l4xx_hal_tim.o
                0x08008922                HAL_TIM_PWM_Init
 .text.HAL_TIM_PWM_MspInit
                0x080089d0       0x14 ./Drivers/STM32L4xx_HAL_Driver/Src/stm32l4xx_hal_tim.o
                0x080089d0                HAL_TIM_PWM_MspInit
 .text.HAL_TIM_PWM_Start
                0x080089e4      0x20c ./Drivers/STM32L4xx_HAL_Driver/Src/stm32l4xx_hal_tim.o
                0x080089e4                HAL_TIM_PWM_Start
 .text.HAL_TIM_PWM_ConfigChannel
                0x08008bf0      0x228 ./Drivers/STM32L4xx_HAL_Driver/Src/stm32l4xx_hal_tim.o
                0x08008bf0                HAL_TIM_PWM_ConfigChannel
 .text.HAL_TIM_ConfigClockSource
                0x08008e18      0x192 ./Drivers/STM32L4xx_HAL_Driver/Src/stm32l4xx_hal_tim.o
                0x08008e18                HAL_TIM_ConfigClockSource
 *fill*         0x08008faa        0x2 
 .text.TIM_Base_SetConfig
                0x08008fac      0x14c ./Drivers/STM32L4xx_HAL_Driver/Src/stm32l4xx_hal_tim.o
                0x08008fac                TIM_Base_SetConfig
 .text.TIM_OC1_SetConfig
                0x080090f8      0x120 ./Drivers/STM32L4xx_HAL_Driver/Src/stm32l4xx_hal_tim.o
 .text.TIM_OC2_SetConfig
                0x08009218      0x114 ./Drivers/STM32L4xx_HAL_Driver/Src/stm32l4xx_hal_tim.o
                0x08009218                TIM_OC2_SetConfig
 .text.TIM_OC3_SetConfig
                0x0800932c      0x110 ./Drivers/STM32L4xx_HAL_Driver/Src/stm32l4xx_hal_tim.o
 .text.TIM_OC4_SetConfig
                0x0800943c       0xd4 ./Drivers/STM32L4xx_HAL_Driver/Src/stm32l4xx_hal_tim.o
 .text.TIM_OC5_SetConfig
                0x08009510       0xc8 ./Drivers/STM32L4xx_HAL_Driver/Src/stm32l4xx_hal_tim.o
 .text.TIM_OC6_SetConfig
                0x080095d8       0xcc ./Drivers/STM32L4xx_HAL_Driver/Src/stm32l4xx_hal_tim.o
 .text.TIM_TI1_ConfigInputStage
                0x080096a4       0x5e ./Drivers/STM32L4xx_HAL_Driver/Src/stm32l4xx_hal_tim.o
 .text.TIM_TI2_ConfigInputStage
                0x08009702       0x60 ./Drivers/STM32L4xx_HAL_Driver/Src/stm32l4xx_hal_tim.o
 .text.TIM_ITRx_SetConfig
                0x08009762       0x36 ./Drivers/STM32L4xx_HAL_Driver/Src/stm32l4xx_hal_tim.o
 .text.TIM_ETR_SetConfig
                0x08009798       0x40 ./Drivers/STM32L4xx_HAL_Driver/Src/stm32l4xx_hal_tim.o
                0x08009798                TIM_ETR_SetConfig
 .text.TIM_CCxChannelCmd
                0x080097d8       0x4a ./Drivers/STM32L4xx_HAL_Driver/Src/stm32l4xx_hal_tim.o
                0x080097d8                TIM_CCxChannelCmd
 *fill*         0x08009822        0x2 
 .text.HAL_TIMEx_MasterConfigSynchronization
                0x08009824      0x110 ./Drivers/STM32L4xx_HAL_Driver/Src/stm32l4xx_hal_tim_ex.o
                0x08009824                HAL_TIMEx_MasterConfigSynchronization
 .text.HAL_UART_Init
                0x08009934       0xa0 ./Drivers/STM32L4xx_HAL_Driver/Src/stm32l4xx_hal_uart.o
                0x08009934                HAL_UART_Init
 .text.HAL_UART_Transmit
                0x080099d4      0x11c ./Drivers/STM32L4xx_HAL_Driver/Src/stm32l4xx_hal_uart.o
                0x080099d4                HAL_UART_Transmit
 .text.UART_SetConfig
                0x08009af0      0x5f8 ./Drivers/STM32L4xx_HAL_Driver/Src/stm32l4xx_hal_uart.o
                0x08009af0                UART_SetConfig
 .text.UART_AdvFeatureConfig
                0x0800a0e8      0x144 ./Drivers/STM32L4xx_HAL_Driver/Src/stm32l4xx_hal_uart.o
                0x0800a0e8                UART_AdvFeatureConfig
 .text.UART_CheckIdleState
                0x0800a22c      0x154 ./Drivers/STM32L4xx_HAL_Driver/Src/stm32l4xx_hal_uart.o
                0x0800a22c                UART_CheckIdleState
 .text.UART_WaitOnFlagUntilTimeout
                0x0800a380       0xda ./Drivers/STM32L4xx_HAL_Driver/Src/stm32l4xx_hal_uart.o
                0x0800a380                UART_WaitOnFlagUntilTimeout
 .text.UART_EndRxTransfer
                0x0800a45a       0xcc ./Drivers/STM32L4xx_HAL_Driver/Src/stm32l4xx_hal_uart.o
 .text.HAL_UARTEx_DisableFifoMode
                0x0800a526       0x72 ./Drivers/STM32L4xx_HAL_Driver/Src/stm32l4xx_hal_uart_ex.o
                0x0800a526                HAL_UARTEx_DisableFifoMode
 .text.HAL_UARTEx_SetTxFifoThreshold
                0x0800a598       0x7c ./Drivers/STM32L4xx_HAL_Driver/Src/stm32l4xx_hal_uart_ex.o
                0x0800a598                HAL_UARTEx_SetTxFifoThreshold
 .text.HAL_UARTEx_SetRxFifoThreshold
                0x0800a614       0x7c ./Drivers/STM32L4xx_HAL_Driver/Src/stm32l4xx_hal_uart_ex.o
                0x0800a614                HAL_UARTEx_SetRxFifoThreshold
 .text.UARTEx_SetNbDataToProcess
                0x0800a690       0x9c ./Drivers/STM32L4xx_HAL_Driver/Src/stm32l4xx_hal_uart_ex.o
 .text.__cvt    0x0800a72c       0xca /Applications/STM32CubeIDE.app/Contents/Eclipse/plugins/com.st.stm32cube.ide.mcu.externaltools.gnu-tools-for-stm32.13.3.rel1.macos64_1.0.0.202411102158/tools/bin/../lib/gcc/arm-none-eabi/13.3.1/../../../../arm-none-eabi/lib/thumb/v7e-m+fp/hard/libc_nano.a(libc_a-nano-vfprintf_float.o)
                0x0800a72c                __cvt
 .text.__exponent
                0x0800a7f6       0x74 /Applications/STM32CubeIDE.app/Contents/Eclipse/plugins/com.st.stm32cube.ide.mcu.externaltools.gnu-tools-for-stm32.13.3.rel1.macos64_1.0.0.202411102158/tools/bin/../lib/gcc/arm-none-eabi/13.3.1/../../../../arm-none-eabi/lib/thumb/v7e-m+fp/hard/libc_nano.a(libc_a-nano-vfprintf_float.o)
                0x0800a7f6                __exponent
 *fill*         0x0800a86a        0x2 
 .text._printf_float
                0x0800a86c      0x454 /Applications/STM32CubeIDE.app/Contents/Eclipse/plugins/com.st.stm32cube.ide.mcu.externaltools.gnu-tools-for-stm32.13.3.rel1.macos64_1.0.0.202411102158/tools/bin/../lib/gcc/arm-none-eabi/13.3.1/../../../../arm-none-eabi/lib/thumb/v7e-m+fp/hard/libc_nano.a(libc_a-nano-vfprintf_float.o)
                0x0800a86c                _printf_float
 .text._printf_common
                0x0800acc0       0xda /Applications/STM32CubeIDE.app/Contents/Eclipse/plugins/com.st.stm32cube.ide.mcu.externaltools.gnu-tools-for-stm32.13.3.rel1.macos64_1.0.0.202411102158/tools/bin/../lib/gcc/arm-none-eabi/13.3.1/../../../../arm-none-eabi/lib/thumb/v7e-m+fp/hard/libc_nano.a(libc_a-nano-vfprintf_i.o)
                0x0800acc0                _printf_common
 *fill*         0x0800ad9a        0x2 
 .text._printf_i
                0x0800ad9c      0x23c /Applications/STM32CubeIDE.app/Contents/Eclipse/plugins/com.st.stm32cube.ide.mcu.externaltools.gnu-tools-for-stm32.13.3.rel1.macos64_1.0.0.202411102158/tools/bin/../lib/gcc/arm-none-eabi/13.3.1/../../../../arm-none-eabi/lib/thumb/v7e-m+fp/hard/libc_nano.a(libc_a-nano-vfprintf_i.o)
                0x0800ad9c                _printf_i
 .text.snprintf
                0x0800afd8       0x6c /Applications/STM32CubeIDE.app/Contents/Eclipse/plugins/com.st.stm32cube.ide.mcu.externaltools.gnu-tools-for-stm32.13.3.rel1.macos64_1.0.0.202411102158/tools/bin/../lib/gcc/arm-none-eabi/13.3.1/../../../../arm-none-eabi/lib/thumb/v7e-m+fp/hard/libc_nano.a(libc_a-snprintf.o)
                0x0800afd8                snprintf
                0x0800afd8                sniprintf
 .text.sscanf   0x0800b044       0x58 /Applications/STM32CubeIDE.app/Contents/Eclipse/plugins/com.st.stm32cube.ide.mcu.externaltools.gnu-tools-for-stm32.13.3.rel1.macos64_1.0.0.202411102158/tools/bin/../lib/gcc/arm-none-eabi/13.3.1/../../../../arm-none-eabi/lib/thumb/v7e-m+fp/hard/libc_nano.a(libc_a-sscanf.o)
                0x0800b044                sscanf
                0x0800b044                siscanf
 .text.__sread  0x0800b09c       0x22 /Applications/STM32CubeIDE.app/Contents/Eclipse/plugins/com.st.stm32cube.ide.mcu.externaltools.gnu-tools-for-stm32.13.3.rel1.macos64_1.0.0.202411102158/tools/bin/../lib/gcc/arm-none-eabi/13.3.1/../../../../arm-none-eabi/lib/thumb/v7e-m+fp/hard/libc_nano.a(libc_a-stdio.o)
                0x0800b09c                __sread
 .text.__seofread
                0x0800b0be        0x4 /Applications/STM32CubeIDE.app/Contents/Eclipse/plugins/com.st.stm32cube.ide.mcu.externaltools.gnu-tools-for-stm32.13.3.rel1.macos64_1.0.0.202411102158/tools/bin/../lib/gcc/arm-none-eabi/13.3.1/../../../../arm-none-eabi/lib/thumb/v7e-m+fp/hard/libc_nano.a(libc_a-stdio.o)
                0x0800b0be                __seofread
 .text.__swrite
                0x0800b0c2       0x38 /Applications/STM32CubeIDE.app/Contents/Eclipse/plugins/com.st.stm32cube.ide.mcu.externaltools.gnu-tools-for-stm32.13.3.rel1.macos64_1.0.0.202411102158/tools/bin/../lib/gcc/arm-none-eabi/13.3.1/../../../../arm-none-eabi/lib/thumb/v7e-m+fp/hard/libc_nano.a(libc_a-stdio.o)
                0x0800b0c2                __swrite
 .text.__sseek  0x0800b0fa       0x24 /Applications/STM32CubeIDE.app/Contents/Eclipse/plugins/com.st.stm32cube.ide.mcu.externaltools.gnu-tools-for-stm32.13.3.rel1.macos64_1.0.0.202411102158/tools/bin/../lib/gcc/arm-none-eabi/13.3.1/../../../../arm-none-eabi/lib/thumb/v7e-m+fp/hard/libc_nano.a(libc_a-stdio.o)
                0x0800b0fa                __sseek
 .text.__sclose
                0x0800b11e        0x8 /Applications/STM32CubeIDE.app/Contents/Eclipse/plugins/com.st.stm32cube.ide.mcu.externaltools.gnu-tools-for-stm32.13.3.rel1.macos64_1.0.0.202411102158/tools/bin/../lib/gcc/arm-none-eabi/13.3.1/../../../../arm-none-eabi/lib/thumb/v7e-m+fp/hard/libc_nano.a(libc_a-stdio.o)
                0x0800b11e                __sclose
 *fill*         0x0800b126        0x2 
 .text.std      0x0800b128       0x6c /Applications/STM32CubeIDE.app/Contents/Eclipse/plugins/com.st.stm32cube.ide.mcu.externaltools.gnu-tools-for-stm32.13.3.rel1.macos64_1.0.0.202411102158/tools/bin/../lib/gcc/arm-none-eabi/13.3.1/../../../../arm-none-eabi/lib/thumb/v7e-m+fp/hard/libc_nano.a(libc_a-findfp.o)
 .text.stdio_exit_handler
                0x0800b194       0x18 /Applications/STM32CubeIDE.app/Contents/Eclipse/plugins/com.st.stm32cube.ide.mcu.externaltools.gnu-tools-for-stm32.13.3.rel1.macos64_1.0.0.202411102158/tools/bin/../lib/gcc/arm-none-eabi/13.3.1/../../../../arm-none-eabi/lib/thumb/v7e-m+fp/hard/libc_nano.a(libc_a-findfp.o)
 .text.cleanup_stdio
                0x0800b1ac       0x40 /Applications/STM32CubeIDE.app/Contents/Eclipse/plugins/com.st.stm32cube.ide.mcu.externaltools.gnu-tools-for-stm32.13.3.rel1.macos64_1.0.0.202411102158/tools/bin/../lib/gcc/arm-none-eabi/13.3.1/../../../../arm-none-eabi/lib/thumb/v7e-m+fp/hard/libc_nano.a(libc_a-findfp.o)
 .text.global_stdio_init.part.0
                0x0800b1ec       0x3c /Applications/STM32CubeIDE.app/Contents/Eclipse/plugins/com.st.stm32cube.ide.mcu.externaltools.gnu-tools-for-stm32.13.3.rel1.macos64_1.0.0.202411102158/tools/bin/../lib/gcc/arm-none-eabi/13.3.1/../../../../arm-none-eabi/lib/thumb/v7e-m+fp/hard/libc_nano.a(libc_a-findfp.o)
 .text.__sfp_lock_acquire
                0x0800b228        0xc /Applications/STM32CubeIDE.app/Contents/Eclipse/plugins/com.st.stm32cube.ide.mcu.externaltools.gnu-tools-for-stm32.13.3.rel1.macos64_1.0.0.202411102158/tools/bin/../lib/gcc/arm-none-eabi/13.3.1/../../../../arm-none-eabi/lib/thumb/v7e-m+fp/hard/libc_nano.a(libc_a-findfp.o)
                0x0800b228                __sfp_lock_acquire
 .text.__sfp_lock_release
                0x0800b234        0xc /Applications/STM32CubeIDE.app/Contents/Eclipse/plugins/com.st.stm32cube.ide.mcu.externaltools.gnu-tools-for-stm32.13.3.rel1.macos64_1.0.0.202411102158/tools/bin/../lib/gcc/arm-none-eabi/13.3.1/../../../../arm-none-eabi/lib/thumb/v7e-m+fp/hard/libc_nano.a(libc_a-findfp.o)
                0x0800b234                __sfp_lock_release
 .text.__sinit  0x0800b240       0x30 /Applications/STM32CubeIDE.app/Contents/Eclipse/plugins/com.st.stm32cube.ide.mcu.externaltools.gnu-tools-for-stm32.13.3.rel1.macos64_1.0.0.202411102158/tools/bin/../lib/gcc/arm-none-eabi/13.3.1/../../../../arm-none-eabi/lib/thumb/v7e-m+fp/hard/libc_nano.a(libc_a-findfp.o)
                0x0800b240                __sinit
 .text._vsnprintf_r
                0x0800b270       0x5c /Applications/STM32CubeIDE.app/Contents/Eclipse/plugins/com.st.stm32cube.ide.mcu.externaltools.gnu-tools-for-stm32.13.3.rel1.macos64_1.0.0.202411102158/tools/bin/../lib/gcc/arm-none-eabi/13.3.1/../../../../arm-none-eabi/lib/thumb/v7e-m+fp/hard/libc_nano.a(libc_a-vsnprintf.o)
                0x0800b270                _vsnprintf_r
                0x0800b270                _vsniprintf_r
 .text.vsnprintf
                0x0800b2cc       0x1c /Applications/STM32CubeIDE.app/Contents/Eclipse/plugins/com.st.stm32cube.ide.mcu.externaltools.gnu-tools-for-stm32.13.3.rel1.macos64_1.0.0.202411102158/tools/bin/../lib/gcc/arm-none-eabi/13.3.1/../../../../arm-none-eabi/lib/thumb/v7e-m+fp/hard/libc_nano.a(libc_a-vsnprintf.o)
                0x0800b2cc                vsnprintf
                0x0800b2cc                vsniprintf
 .text._fwalk_sglue
                0x0800b2e8       0x3c /Applications/STM32CubeIDE.app/Contents/Eclipse/plugins/com.st.stm32cube.ide.mcu.externaltools.gnu-tools-for-stm32.13.3.rel1.macos64_1.0.0.202411102158/tools/bin/../lib/gcc/arm-none-eabi/13.3.1/../../../../arm-none-eabi/lib/thumb/v7e-m+fp/hard/libc_nano.a(libc_a-fwalk.o)
                0x0800b2e8                _fwalk_sglue
 .text.printf   0x0800b324       0x24 /Applications/STM32CubeIDE.app/Contents/Eclipse/plugins/com.st.stm32cube.ide.mcu.externaltools.gnu-tools-for-stm32.13.3.rel1.macos64_1.0.0.202411102158/tools/bin/../lib/gcc/arm-none-eabi/13.3.1/../../../../arm-none-eabi/lib/thumb/v7e-m+fp/hard/libc_nano.a(libc_a-printf.o)
                0x0800b324                printf
                0x0800b324                iprintf
 .text._puts_r  0x0800b348       0xaa /Applications/STM32CubeIDE.app/Contents/Eclipse/plugins/com.st.stm32cube.ide.mcu.externaltools.gnu-tools-for-stm32.13.3.rel1.macos64_1.0.0.202411102158/tools/bin/../lib/gcc/arm-none-eabi/13.3.1/../../../../arm-none-eabi/lib/thumb/v7e-m+fp/hard/libc_nano.a(libc_a-puts.o)
                0x0800b348                _puts_r
 *fill*         0x0800b3f2        0x2 
 .text.puts     0x0800b3f4       0x10 /Applications/STM32CubeIDE.app/Contents/Eclipse/plugins/com.st.stm32cube.ide.mcu.externaltools.gnu-tools-for-stm32.13.3.rel1.macos64_1.0.0.202411102158/tools/bin/../lib/gcc/arm-none-eabi/13.3.1/../../../../arm-none-eabi/lib/thumb/v7e-m+fp/hard/libc_nano.a(libc_a-puts.o)
                0x0800b3f4                puts
 .text.memset   0x0800b404       0x10 /Applications/STM32CubeIDE.app/Contents/Eclipse/plugins/com.st.stm32cube.ide.mcu.externaltools.gnu-tools-for-stm32.13.3.rel1.macos64_1.0.0.202411102158/tools/bin/../lib/gcc/arm-none-eabi/13.3.1/../../../../arm-none-eabi/lib/thumb/v7e-m+fp/hard/libc_nano.a(libc_a-memset.o)
                0x0800b404                memset
 .text._lseek_r
                0x0800b414       0x24 /Applications/STM32CubeIDE.app/Contents/Eclipse/plugins/com.st.stm32cube.ide.mcu.externaltools.gnu-tools-for-stm32.13.3.rel1.macos64_1.0.0.202411102158/tools/bin/../lib/gcc/arm-none-eabi/13.3.1/../../../../arm-none-eabi/lib/thumb/v7e-m+fp/hard/libc_nano.a(libc_a-lseekr.o)
                0x0800b414                _lseek_r
 .text._read_r  0x0800b438       0x24 /Applications/STM32CubeIDE.app/Contents/Eclipse/plugins/com.st.stm32cube.ide.mcu.externaltools.gnu-tools-for-stm32.13.3.rel1.macos64_1.0.0.202411102158/tools/bin/../lib/gcc/arm-none-eabi/13.3.1/../../../../arm-none-eabi/lib/thumb/v7e-m+fp/hard/libc_nano.a(libc_a-readr.o)
                0x0800b438                _read_r
 .text._write_r
                0x0800b45c       0x24 /Applications/STM32CubeIDE.app/Contents/Eclipse/plugins/com.st.stm32cube.ide.mcu.externaltools.gnu-tools-for-stm32.13.3.rel1.macos64_1.0.0.202411102158/tools/bin/../lib/gcc/arm-none-eabi/13.3.1/../../../../arm-none-eabi/lib/thumb/v7e-m+fp/hard/libc_nano.a(libc_a-writer.o)
                0x0800b45c                _write_r
 .text.__errno  0x0800b480        0xc /Applications/STM32CubeIDE.app/Contents/Eclipse/plugins/com.st.stm32cube.ide.mcu.externaltools.gnu-tools-for-stm32.13.3.rel1.macos64_1.0.0.202411102158/tools/bin/../lib/gcc/arm-none-eabi/13.3.1/../../../../arm-none-eabi/lib/thumb/v7e-m+fp/hard/libc_nano.a(libc_a-errno.o)
                0x0800b480                __errno
 .text.__libc_init_array
                0x0800b48c       0x48 /Applications/STM32CubeIDE.app/Contents/Eclipse/plugins/com.st.stm32cube.ide.mcu.externaltools.gnu-tools-for-stm32.13.3.rel1.macos64_1.0.0.202411102158/tools/bin/../lib/gcc/arm-none-eabi/13.3.1/../../../../arm-none-eabi/lib/thumb/v7e-m+fp/hard/libc_nano.a(libc_a-init.o)
                0x0800b48c                __libc_init_array
 .text.__retarget_lock_init_recursive
                0x0800b4d4        0x2 /Applications/STM32CubeIDE.app/Contents/Eclipse/plugins/com.st.stm32cube.ide.mcu.externaltools.gnu-tools-for-stm32.13.3.rel1.macos64_1.0.0.202411102158/tools/bin/../lib/gcc/arm-none-eabi/13.3.1/../../../../arm-none-eabi/lib/thumb/v7e-m+fp/hard/libc_nano.a(libc_a-lock.o)
                0x0800b4d4                __retarget_lock_init_recursive
 .text.__retarget_lock_acquire_recursive
                0x0800b4d6        0x2 /Applications/STM32CubeIDE.app/Contents/Eclipse/plugins/com.st.stm32cube.ide.mcu.externaltools.gnu-tools-for-stm32.13.3.rel1.macos64_1.0.0.202411102158/tools/bin/../lib/gcc/arm-none-eabi/13.3.1/../../../../arm-none-eabi/lib/thumb/v7e-m+fp/hard/libc_nano.a(libc_a-lock.o)
                0x0800b4d6                __retarget_lock_acquire_recursive
 .text.__retarget_lock_release_recursive
                0x0800b4d8        0x2 /Applications/STM32CubeIDE.app/Contents/Eclipse/plugins/com.st.stm32cube.ide.mcu.externaltools.gnu-tools-for-stm32.13.3.rel1.macos64_1.0.0.202411102158/tools/bin/../lib/gcc/arm-none-eabi/13.3.1/../../../../arm-none-eabi/lib/thumb/v7e-m+fp/hard/libc_nano.a(libc_a-lock.o)
                0x0800b4d8                __retarget_lock_release_recursive
 *fill*         0x0800b4da        0x2 
 .text._localeconv_r
                0x0800b4dc        0x8 /Applications/STM32CubeIDE.app/Contents/Eclipse/plugins/com.st.stm32cube.ide.mcu.externaltools.gnu-tools-for-stm32.13.3.rel1.macos64_1.0.0.202411102158/tools/bin/../lib/gcc/arm-none-eabi/13.3.1/../../../../arm-none-eabi/lib/thumb/v7e-m+fp/hard/libc_nano.a(libc_a-localeconv.o)
                0x0800b4dc                _localeconv_r
 .text._close_r
                0x0800b4e4       0x20 /Applications/STM32CubeIDE.app/Contents/Eclipse/plugins/com.st.stm32cube.ide.mcu.externaltools.gnu-tools-for-stm32.13.3.rel1.macos64_1.0.0.202411102158/tools/bin/../lib/gcc/arm-none-eabi/13.3.1/../../../../arm-none-eabi/lib/thumb/v7e-m+fp/hard/libc_nano.a(libc_a-closer.o)
                0x0800b4e4                _close_r
 .text.quorem   0x0800b504      0x110 /Applications/STM32CubeIDE.app/Contents/Eclipse/plugins/com.st.stm32cube.ide.mcu.externaltools.gnu-tools-for-stm32.13.3.rel1.macos64_1.0.0.202411102158/tools/bin/../lib/gcc/arm-none-eabi/13.3.1/../../../../arm-none-eabi/lib/thumb/v7e-m+fp/hard/libc_nano.a(libc_a-dtoa.o)
 *fill*         0x0800b614        0x4 
 .text._dtoa_r  0x0800b618      0xba0 /Applications/STM32CubeIDE.app/Contents/Eclipse/plugins/com.st.stm32cube.ide.mcu.externaltools.gnu-tools-for-stm32.13.3.rel1.macos64_1.0.0.202411102158/tools/bin/../lib/gcc/arm-none-eabi/13.3.1/../../../../arm-none-eabi/lib/thumb/v7e-m+fp/hard/libc_nano.a(libc_a-dtoa.o)
                0x0800b618                _dtoa_r
 .text._free_r  0x0800c1b8       0x94 /Applications/STM32CubeIDE.app/Contents/Eclipse/plugins/com.st.stm32cube.ide.mcu.externaltools.gnu-tools-for-stm32.13.3.rel1.macos64_1.0.0.202411102158/tools/bin/../lib/gcc/arm-none-eabi/13.3.1/../../../../arm-none-eabi/lib/thumb/v7e-m+fp/hard/libc_nano.a(libc_a-freer.o)
                0x0800c1b8                _free_r
 .text.__ssputs_r
                0x0800c24c       0xb6 /Applications/STM32CubeIDE.app/Contents/Eclipse/plugins/com.st.stm32cube.ide.mcu.externaltools.gnu-tools-for-stm32.13.3.rel1.macos64_1.0.0.202411102158/tools/bin/../lib/gcc/arm-none-eabi/13.3.1/../../../../arm-none-eabi/lib/thumb/v7e-m+fp/hard/libc_nano.a(libc_a-nano-svfprintf.o)
                0x0800c24c                __ssputs_r
 *fill*         0x0800c302        0x2 
 .text._svfprintf_r
                0x0800c304      0x1f8 /Applications/STM32CubeIDE.app/Contents/Eclipse/plugins/com.st.stm32cube.ide.mcu.externaltools.gnu-tools-for-stm32.13.3.rel1.macos64_1.0.0.202411102158/tools/bin/../lib/gcc/arm-none-eabi/13.3.1/../../../../arm-none-eabi/lib/thumb/v7e-m+fp/hard/libc_nano.a(libc_a-nano-svfprintf.o)
                0x0800c304                _svfprintf_r
                0x0800c304                _svfiprintf_r
 .text._sungetc_r
                0x0800c4fc       0x7a /Applications/STM32CubeIDE.app/Contents/Eclipse/plugins/com.st.stm32cube.ide.mcu.externaltools.gnu-tools-for-stm32.13.3.rel1.macos64_1.0.0.202411102158/tools/bin/../lib/gcc/arm-none-eabi/13.3.1/../../../../arm-none-eabi/lib/thumb/v7e-m+fp/hard/libc_nano.a(libc_a-nano-svfscanf.o)
                0x0800c4fc                _sungetc_r
 .text.__ssrefill_r
                0x0800c576       0x3a /Applications/STM32CubeIDE.app/Contents/Eclipse/plugins/com.st.stm32cube.ide.mcu.externaltools.gnu-tools-for-stm32.13.3.rel1.macos64_1.0.0.202411102158/tools/bin/../lib/gcc/arm-none-eabi/13.3.1/../../../../arm-none-eabi/lib/thumb/v7e-m+fp/hard/libc_nano.a(libc_a-nano-svfscanf.o)
                0x0800c576                __ssrefill_r
 .text.__ssvfscanf_r
                0x0800c5b0      0x2ec /Applications/STM32CubeIDE.app/Contents/Eclipse/plugins/com.st.stm32cube.ide.mcu.externaltools.gnu-tools-for-stm32.13.3.rel1.macos64_1.0.0.202411102158/tools/bin/../lib/gcc/arm-none-eabi/13.3.1/../../../../arm-none-eabi/lib/thumb/v7e-m+fp/hard/libc_nano.a(libc_a-nano-svfscanf.o)
                0x0800c5b0                __ssvfscanf_r
                0x0800c5b0                __ssvfiscanf_r
 .text.__sfputc_r
                0x0800c89c       0x2e /Applications/STM32CubeIDE.app/Contents/Eclipse/plugins/com.st.stm32cube.ide.mcu.externaltools.gnu-tools-for-stm32.13.3.rel1.macos64_1.0.0.202411102158/tools/bin/../lib/gcc/arm-none-eabi/13.3.1/../../../../arm-none-eabi/lib/thumb/v7e-m+fp/hard/libc_nano.a(libc_a-nano-vfprintf.o)
 .text.__sfputs_r
                0x0800c8ca       0x24 /Applications/STM32CubeIDE.app/Contents/Eclipse/plugins/com.st.stm32cube.ide.mcu.externaltools.gnu-tools-for-stm32.13.3.rel1.macos64_1.0.0.202411102158/tools/bin/../lib/gcc/arm-none-eabi/13.3.1/../../../../arm-none-eabi/lib/thumb/v7e-m+fp/hard/libc_nano.a(libc_a-nano-vfprintf.o)
                0x0800c8ca                __sfputs_r
 *fill*         0x0800c8ee        0x2 
 .text._vfprintf_r
                0x0800c8f0      0x230 /Applications/STM32CubeIDE.app/Contents/Eclipse/plugins/com.st.stm32cube.ide.mcu.externaltools.gnu-tools-for-stm32.13.3.rel1.macos64_1.0.0.202411102158/tools/bin/../lib/gcc/arm-none-eabi/13.3.1/../../../../arm-none-eabi/lib/thumb/v7e-m+fp/hard/libc_nano.a(libc_a-nano-vfprintf.o)
                0x0800c8f0                _vfiprintf_r
                0x0800c8f0                _vfprintf_r
 .text.malloc   0x0800cb20       0x10 /Applications/STM32CubeIDE.app/Contents/Eclipse/plugins/com.st.stm32cube.ide.mcu.externaltools.gnu-tools-for-stm32.13.3.rel1.macos64_1.0.0.202411102158/tools/bin/../lib/gcc/arm-none-eabi/13.3.1/../../../../arm-none-eabi/lib/thumb/v7e-m+fp/hard/libc_nano.a(libc_a-malloc.o)
                0x0800cb20                malloc
 .text.sbrk_aligned
                0x0800cb30       0x44 /Applications/STM32CubeIDE.app/Contents/Eclipse/plugins/com.st.stm32cube.ide.mcu.externaltools.gnu-tools-for-stm32.13.3.rel1.macos64_1.0.0.202411102158/tools/bin/../lib/gcc/arm-none-eabi/13.3.1/../../../../arm-none-eabi/lib/thumb/v7e-m+fp/hard/libc_nano.a(libc_a-mallocr.o)
 .text._malloc_r
                0x0800cb74      0x100 /Applications/STM32CubeIDE.app/Contents/Eclipse/plugins/com.st.stm32cube.ide.mcu.externaltools.gnu-tools-for-stm32.13.3.rel1.macos64_1.0.0.202411102158/tools/bin/../lib/gcc/arm-none-eabi/13.3.1/../../../../arm-none-eabi/lib/thumb/v7e-m+fp/hard/libc_nano.a(libc_a-mallocr.o)
                0x0800cb74                _malloc_r
 .text._scanf_chars
                0x0800cc74       0xb4 /Applications/STM32CubeIDE.app/Contents/Eclipse/plugins/com.st.stm32cube.ide.mcu.externaltools.gnu-tools-for-stm32.13.3.rel1.macos64_1.0.0.202411102158/tools/bin/../lib/gcc/arm-none-eabi/13.3.1/../../../../arm-none-eabi/lib/thumb/v7e-m+fp/hard/libc_nano.a(libc_a-nano-vfscanf_i.o)
                0x0800cc74                _scanf_chars
 .text._scanf_i
                0x0800cd28      0x1e8 /Applications/STM32CubeIDE.app/Contents/Eclipse/plugins/com.st.stm32cube.ide.mcu.externaltools.gnu-tools-for-stm32.13.3.rel1.macos64_1.0.0.202411102158/tools/bin/../lib/gcc/arm-none-eabi/13.3.1/../../../../arm-none-eabi/lib/thumb/v7e-m+fp/hard/libc_nano.a(libc_a-nano-vfscanf_i.o)
                0x0800cd28                _scanf_i
 .text.__sccl   0x0800cf10       0x72 /Applications/STM32CubeIDE.app/Contents/Eclipse/plugins/com.st.stm32cube.ide.mcu.externaltools.gnu-tools-for-stm32.13.3.rel1.macos64_1.0.0.202411102158/tools/bin/../lib/gcc/arm-none-eabi/13.3.1/../../../../arm-none-eabi/lib/thumb/v7e-m+fp/hard/libc_nano.a(libc_a-sccl.o)
                0x0800cf10                __sccl
 *fill*         0x0800cf82        0x2 
 .text.__sflush_r
                0x0800cf84      0x108 /Applications/STM32CubeIDE.app/Contents/Eclipse/plugins/com.st.stm32cube.ide.mcu.externaltools.gnu-tools-for-stm32.13.3.rel1.macos64_1.0.0.202411102158/tools/bin/../lib/gcc/arm-none-eabi/13.3.1/../../../../arm-none-eabi/lib/thumb/v7e-m+fp/hard/libc_nano.a(libc_a-fflush.o)
                0x0800cf84                __sflush_r
 .text._fflush_r
                0x0800d08c       0x50 /Applications/STM32CubeIDE.app/Contents/Eclipse/plugins/com.st.stm32cube.ide.mcu.externaltools.gnu-tools-for-stm32.13.3.rel1.macos64_1.0.0.202411102158/tools/bin/../lib/gcc/arm-none-eabi/13.3.1/../../../../arm-none-eabi/lib/thumb/v7e-m+fp/hard/libc_nano.a(libc_a-fflush.o)
                0x0800d08c                _fflush_r
 .text.__malloc_lock
                0x0800d0dc        0xc /Applications/STM32CubeIDE.app/Contents/Eclipse/plugins/com.st.stm32cube.ide.mcu.externaltools.gnu-tools-for-stm32.13.3.rel1.macos64_1.0.0.202411102158/tools/bin/../lib/gcc/arm-none-eabi/13.3.1/../../../../arm-none-eabi/lib/thumb/v7e-m+fp/hard/libc_nano.a(libc_a-mlock.o)
                0x0800d0dc                __malloc_lock
 .text.__malloc_unlock
                0x0800d0e8        0xc /Applications/STM32CubeIDE.app/Contents/Eclipse/plugins/com.st.stm32cube.ide.mcu.externaltools.gnu-tools-for-stm32.13.3.rel1.macos64_1.0.0.202411102158/tools/bin/../lib/gcc/arm-none-eabi/13.3.1/../../../../arm-none-eabi/lib/thumb/v7e-m+fp/hard/libc_nano.a(libc_a-mlock.o)
                0x0800d0e8                __malloc_unlock
 .text._Balloc  0x0800d0f4       0x80 /Applications/STM32CubeIDE.app/Contents/Eclipse/plugins/com.st.stm32cube.ide.mcu.externaltools.gnu-tools-for-stm32.13.3.rel1.macos64_1.0.0.202411102158/tools/bin/../lib/gcc/arm-none-eabi/13.3.1/../../../../arm-none-eabi/lib/thumb/v7e-m+fp/hard/libc_nano.a(libc_a-mprec.o)
                0x0800d0f4                _Balloc
 .text._Bfree   0x0800d174       0x44 /Applications/STM32CubeIDE.app/Contents/Eclipse/plugins/com.st.stm32cube.ide.mcu.externaltools.gnu-tools-for-stm32.13.3.rel1.macos64_1.0.0.202411102158/tools/bin/../lib/gcc/arm-none-eabi/13.3.1/../../../../arm-none-eabi/lib/thumb/v7e-m+fp/hard/libc_nano.a(libc_a-mprec.o)
                0x0800d174                _Bfree
 .text.__multadd
                0x0800d1b8       0x8c /Applications/STM32CubeIDE.app/Contents/Eclipse/plugins/com.st.stm32cube.ide.mcu.externaltools.gnu-tools-for-stm32.13.3.rel1.macos64_1.0.0.202411102158/tools/bin/../lib/gcc/arm-none-eabi/13.3.1/../../../../arm-none-eabi/lib/thumb/v7e-m+fp/hard/libc_nano.a(libc_a-mprec.o)
                0x0800d1b8                __multadd
 .text.__hi0bits
                0x0800d244       0x3e /Applications/STM32CubeIDE.app/Contents/Eclipse/plugins/com.st.stm32cube.ide.mcu.externaltools.gnu-tools-for-stm32.13.3.rel1.macos64_1.0.0.202411102158/tools/bin/../lib/gcc/arm-none-eabi/13.3.1/../../../../arm-none-eabi/lib/thumb/v7e-m+fp/hard/libc_nano.a(libc_a-mprec.o)
                0x0800d244                __hi0bits
 .text.__lo0bits
                0x0800d282       0x5a /Applications/STM32CubeIDE.app/Contents/Eclipse/plugins/com.st.stm32cube.ide.mcu.externaltools.gnu-tools-for-stm32.13.3.rel1.macos64_1.0.0.202411102158/tools/bin/../lib/gcc/arm-none-eabi/13.3.1/../../../../arm-none-eabi/lib/thumb/v7e-m+fp/hard/libc_nano.a(libc_a-mprec.o)
                0x0800d282                __lo0bits
 .text.__i2b    0x0800d2dc       0x2c /Applications/STM32CubeIDE.app/Contents/Eclipse/plugins/com.st.stm32cube.ide.mcu.externaltools.gnu-tools-for-stm32.13.3.rel1.macos64_1.0.0.202411102158/tools/bin/../lib/gcc/arm-none-eabi/13.3.1/../../../../arm-none-eabi/lib/thumb/v7e-m+fp/hard/libc_nano.a(libc_a-mprec.o)
                0x0800d2dc                __i2b
 .text.__multiply
                0x0800d308      0x144 /Applications/STM32CubeIDE.app/Contents/Eclipse/plugins/com.st.stm32cube.ide.mcu.externaltools.gnu-tools-for-stm32.13.3.rel1.macos64_1.0.0.202411102158/tools/bin/../lib/gcc/arm-none-eabi/13.3.1/../../../../arm-none-eabi/lib/thumb/v7e-m+fp/hard/libc_nano.a(libc_a-mprec.o)
                0x0800d308                __multiply
 .text.__pow5mult
                0x0800d44c       0xb4 /Applications/STM32CubeIDE.app/Contents/Eclipse/plugins/com.st.stm32cube.ide.mcu.externaltools.gnu-tools-for-stm32.13.3.rel1.macos64_1.0.0.202411102158/tools/bin/../lib/gcc/arm-none-eabi/13.3.1/../../../../arm-none-eabi/lib/thumb/v7e-m+fp/hard/libc_nano.a(libc_a-mprec.o)
                0x0800d44c                __pow5mult
 .text.__lshift
                0x0800d500       0xd8 /Applications/STM32CubeIDE.app/Contents/Eclipse/plugins/com.st.stm32cube.ide.mcu.externaltools.gnu-tools-for-stm32.13.3.rel1.macos64_1.0.0.202411102158/tools/bin/../lib/gcc/arm-none-eabi/13.3.1/../../../../arm-none-eabi/lib/thumb/v7e-m+fp/hard/libc_nano.a(libc_a-mprec.o)
                0x0800d500                __lshift
 .text.__mcmp   0x0800d5d8       0x36 /Applications/STM32CubeIDE.app/Contents/Eclipse/plugins/com.st.stm32cube.ide.mcu.externaltools.gnu-tools-for-stm32.13.3.rel1.macos64_1.0.0.202411102158/tools/bin/../lib/gcc/arm-none-eabi/13.3.1/../../../../arm-none-eabi/lib/thumb/v7e-m+fp/hard/libc_nano.a(libc_a-mprec.o)
                0x0800d5d8                __mcmp
 *fill*         0x0800d60e        0x2 
 .text.__mdiff  0x0800d610      0x128 /Applications/STM32CubeIDE.app/Contents/Eclipse/plugins/com.st.stm32cube.ide.mcu.externaltools.gnu-tools-for-stm32.13.3.rel1.macos64_1.0.0.202411102158/tools/bin/../lib/gcc/arm-none-eabi/13.3.1/../../../../arm-none-eabi/lib/thumb/v7e-m+fp/hard/libc_nano.a(libc_a-mprec.o)
                0x0800d610                __mdiff
 .text.__d2b    0x0800d738       0xb0 /Applications/STM32CubeIDE.app/Contents/Eclipse/plugins/com.st.stm32cube.ide.mcu.externaltools.gnu-tools-for-stm32.13.3.rel1.macos64_1.0.0.202411102158/tools/bin/../lib/gcc/arm-none-eabi/13.3.1/../../../../arm-none-eabi/lib/thumb/v7e-m+fp/hard/libc_nano.a(libc_a-mprec.o)
                0x0800d738                __d2b
 .text.__submore
                0x0800d7e8       0x74 /Applications/STM32CubeIDE.app/Contents/Eclipse/plugins/com.st.stm32cube.ide.mcu.externaltools.gnu-tools-for-stm32.13.3.rel1.macos64_1.0.0.202411102158/tools/bin/../lib/gcc/arm-none-eabi/13.3.1/../../../../arm-none-eabi/lib/thumb/v7e-m+fp/hard/libc_nano.a(libc_a-ungetc.o)
                0x0800d7e8                __submore
 .text._realloc_r
                0x0800d85c       0x5c /Applications/STM32CubeIDE.app/Contents/Eclipse/plugins/com.st.stm32cube.ide.mcu.externaltools.gnu-tools-for-stm32.13.3.rel1.macos64_1.0.0.202411102158/tools/bin/../lib/gcc/arm-none-eabi/13.3.1/../../../../arm-none-eabi/lib/thumb/v7e-m+fp/hard/libc_nano.a(libc_a-reallocr.o)
                0x0800d85c                _realloc_r
 .text.__swbuf_r
                0x0800d8b8       0x7c /Applications/STM32CubeIDE.app/Contents/Eclipse/plugins/com.st.stm32cube.ide.mcu.externaltools.gnu-tools-for-stm32.13.3.rel1.macos64_1.0.0.202411102158/tools/bin/../lib/gcc/arm-none-eabi/13.3.1/../../../../arm-none-eabi/lib/thumb/v7e-m+fp/hard/libc_nano.a(libc_a-wbuf.o)
                0x0800d8b8                __swbuf_r
 .text._strtol_l.isra.0
                0x0800d934       0xf4 /Applications/STM32CubeIDE.app/Contents/Eclipse/plugins/com.st.stm32cube.ide.mcu.externaltools.gnu-tools-for-stm32.13.3.rel1.macos64_1.0.0.202411102158/tools/bin/../lib/gcc/arm-none-eabi/13.3.1/../../../../arm-none-eabi/lib/thumb/v7e-m+fp/hard/libc_nano.a(libc_a-strtol.o)
 .text._strtol_r
                0x0800da28        0x4 /Applications/STM32CubeIDE.app/Contents/Eclipse/plugins/com.st.stm32cube.ide.mcu.externaltools.gnu-tools-for-stm32.13.3.rel1.macos64_1.0.0.202411102158/tools/bin/../lib/gcc/arm-none-eabi/13.3.1/../../../../arm-none-eabi/lib/thumb/v7e-m+fp/hard/libc_nano.a(libc_a-strtol.o)
                0x0800da28                _strtol_r
 .text._strtoul_l.isra.0
                0x0800da2c       0xdc /Applications/STM32CubeIDE.app/Contents/Eclipse/plugins/com.st.stm32cube.ide.mcu.externaltools.gnu-tools-for-stm32.13.3.rel1.macos64_1.0.0.202411102158/tools/bin/../lib/gcc/arm-none-eabi/13.3.1/../../../../arm-none-eabi/lib/thumb/v7e-m+fp/hard/libc_nano.a(libc_a-strtoul.o)
 .text._strtoul_r
                0x0800db08        0x4 /Applications/STM32CubeIDE.app/Contents/Eclipse/plugins/com.st.stm32cube.ide.mcu.externaltools.gnu-tools-for-stm32.13.3.rel1.macos64_1.0.0.202411102158/tools/bin/../lib/gcc/arm-none-eabi/13.3.1/../../../../arm-none-eabi/lib/thumb/v7e-m+fp/hard/libc_nano.a(libc_a-strtoul.o)
                0x0800db08                _strtoul_r
 .text.__swsetup_r
                0x0800db0c       0xac /Applications/STM32CubeIDE.app/Contents/Eclipse/plugins/com.st.stm32cube.ide.mcu.externaltools.gnu-tools-for-stm32.13.3.rel1.macos64_1.0.0.202411102158/tools/bin/../lib/gcc/arm-none-eabi/13.3.1/../../../../arm-none-eabi/lib/thumb/v7e-m+fp/hard/libc_nano.a(libc_a-wsetup.o)
                0x0800db0c                __swsetup_r
 .text.__swhatbuf_r
                0x0800dbb8       0x4c /Applications/STM32CubeIDE.app/Contents/Eclipse/plugins/com.st.stm32cube.ide.mcu.externaltools.gnu-tools-for-stm32.13.3.rel1.macos64_1.0.0.202411102158/tools/bin/../lib/gcc/arm-none-eabi/13.3.1/../../../../arm-none-eabi/lib/thumb/v7e-m+fp/hard/libc_nano.a(libc_a-makebuf.o)
                0x0800dbb8                __swhatbuf_r
 .text.__smakebuf_r
                0x0800dc04       0x78 /Applications/STM32CubeIDE.app/Contents/Eclipse/plugins/com.st.stm32cube.ide.mcu.externaltools.gnu-tools-for-stm32.13.3.rel1.macos64_1.0.0.202411102158/tools/bin/../lib/gcc/arm-none-eabi/13.3.1/../../../../arm-none-eabi/lib/thumb/v7e-m+fp/hard/libc_nano.a(libc_a-makebuf.o)
                0x0800dc04                __smakebuf_r
 .text.memmove  0x0800dc7c       0x34 /Applications/STM32CubeIDE.app/Contents/Eclipse/plugins/com.st.stm32cube.ide.mcu.externaltools.gnu-tools-for-stm32.13.3.rel1.macos64_1.0.0.202411102158/tools/bin/../lib/gcc/arm-none-eabi/13.3.1/../../../../arm-none-eabi/lib/thumb/v7e-m+fp/hard/libc_nano.a(libc_a-memmove.o)
                0x0800dc7c                memmove
 .text._isatty_r
                0x0800dcb0       0x20 /Applications/STM32CubeIDE.app/Contents/Eclipse/plugins/com.st.stm32cube.ide.mcu.externaltools.gnu-tools-for-stm32.13.3.rel1.macos64_1.0.0.202411102158/tools/bin/../lib/gcc/arm-none-eabi/13.3.1/../../../../arm-none-eabi/lib/thumb/v7e-m+fp/hard/libc_nano.a(libc_a-isattyr.o)
                0x0800dcb0                _isatty_r
 .text._sbrk_r  0x0800dcd0       0x20 /Applications/STM32CubeIDE.app/Contents/Eclipse/plugins/com.st.stm32cube.ide.mcu.externaltools.gnu-tools-for-stm32.13.3.rel1.macos64_1.0.0.202411102158/tools/bin/../lib/gcc/arm-none-eabi/13.3.1/../../../../arm-none-eabi/lib/thumb/v7e-m+fp/hard/libc_nano.a(libc_a-sbrkr.o)
                0x0800dcd0                _sbrk_r
 .text._fstat_r
                0x0800dcf0       0x24 /Applications/STM32CubeIDE.app/Contents/Eclipse/plugins/com.st.stm32cube.ide.mcu.externaltools.gnu-tools-for-stm32.13.3.rel1.macos64_1.0.0.202411102158/tools/bin/../lib/gcc/arm-none-eabi/13.3.1/../../../../arm-none-eabi/lib/thumb/v7e-m+fp/hard/libc_nano.a(libc_a-fstatr.o)
                0x0800dcf0                _fstat_r
 .text.memcpy   0x0800dd14       0x1c /Applications/STM32CubeIDE.app/Contents/Eclipse/plugins/com.st.stm32cube.ide.mcu.externaltools.gnu-tools-for-stm32.13.3.rel1.macos64_1.0.0.202411102158/tools/bin/../lib/gcc/arm-none-eabi/13.3.1/../../../../arm-none-eabi/lib/thumb/v7e-m+fp/hard/libc_nano.a(libc_a-memcpy-stub.o)
                0x0800dd14                memcpy
 .text.__assert_func
                0x0800dd30       0x3c /Applications/STM32CubeIDE.app/Contents/Eclipse/plugins/com.st.stm32cube.ide.mcu.externaltools.gnu-tools-for-stm32.13.3.rel1.macos64_1.0.0.202411102158/tools/bin/../lib/gcc/arm-none-eabi/13.3.1/../../../../arm-none-eabi/lib/thumb/v7e-m+fp/hard/libc_nano.a(libc_a-assert.o)
                0x0800dd30                __assert_func
 .text._calloc_r
                0x0800dd6c       0x28 /Applications/STM32CubeIDE.app/Contents/Eclipse/plugins/com.st.stm32cube.ide.mcu.externaltools.gnu-tools-for-stm32.13.3.rel1.macos64_1.0.0.202411102158/tools/bin/../lib/gcc/arm-none-eabi/13.3.1/../../../../arm-none-eabi/lib/thumb/v7e-m+fp/hard/libc_nano.a(libc_a-callocr.o)
                0x0800dd6c                _calloc_r
 .text.__ascii_mbtowc
                0x0800dd94       0x24 /Applications/STM32CubeIDE.app/Contents/Eclipse/plugins/com.st.stm32cube.ide.mcu.externaltools.gnu-tools-for-stm32.13.3.rel1.macos64_1.0.0.202411102158/tools/bin/../lib/gcc/arm-none-eabi/13.3.1/../../../../arm-none-eabi/lib/thumb/v7e-m+fp/hard/libc_nano.a(libc_a-mbtowc_r.o)
                0x0800dd94                __ascii_mbtowc
 .text._malloc_usable_size_r
                0x0800ddb8       0x10 /Applications/STM32CubeIDE.app/Contents/Eclipse/plugins/com.st.stm32cube.ide.mcu.externaltools.gnu-tools-for-stm32.13.3.rel1.macos64_1.0.0.202411102158/tools/bin/../lib/gcc/arm-none-eabi/13.3.1/../../../../arm-none-eabi/lib/thumb/v7e-m+fp/hard/libc_nano.a(libc_a-msizer.o)
                0x0800ddb8                _malloc_usable_size_r
 .text.fprintf  0x0800ddc8       0x24 /Applications/STM32CubeIDE.app/Contents/Eclipse/plugins/com.st.stm32cube.ide.mcu.externaltools.gnu-tools-for-stm32.13.3.rel1.macos64_1.0.0.202411102158/tools/bin/../lib/gcc/arm-none-eabi/13.3.1/../../../../arm-none-eabi/lib/thumb/v7e-m+fp/hard/libc_nano.a(libc_a-fprintf.o)
                0x0800ddc8                fprintf
                0x0800ddc8                fiprintf
 .text.__ascii_wctomb
                0x0800ddec       0x1a /Applications/STM32CubeIDE.app/Contents/Eclipse/plugins/com.st.stm32cube.ide.mcu.externaltools.gnu-tools-for-stm32.13.3.rel1.macos64_1.0.0.202411102158/tools/bin/../lib/gcc/arm-none-eabi/13.3.1/../../../../arm-none-eabi/lib/thumb/v7e-m+fp/hard/libc_nano.a(libc_a-wctomb_r.o)
                0x0800ddec                __ascii_wctomb
 .text.abort    0x0800de06        0xe /Applications/STM32CubeIDE.app/Contents/Eclipse/plugins/com.st.stm32cube.ide.mcu.externaltools.gnu-tools-for-stm32.13.3.rel1.macos64_1.0.0.202411102158/tools/bin/../lib/gcc/arm-none-eabi/13.3.1/../../../../arm-none-eabi/lib/thumb/v7e-m+fp/hard/libc_nano.a(libc_a-abort.o)
                0x0800de06                abort
 .text._raise_r
                0x0800de14       0x50 /Applications/STM32CubeIDE.app/Contents/Eclipse/plugins/com.st.stm32cube.ide.mcu.externaltools.gnu-tools-for-stm32.13.3.rel1.macos64_1.0.0.202411102158/tools/bin/../lib/gcc/arm-none-eabi/13.3.1/../../../../arm-none-eabi/lib/thumb/v7e-m+fp/hard/libc_nano.a(libc_a-signal.o)
                0x0800de14                _raise_r
 .text.raise    0x0800de64       0x10 /Applications/STM32CubeIDE.app/Contents/Eclipse/plugins/com.st.stm32cube.ide.mcu.externaltools.gnu-tools-for-stm32.13.3.rel1.macos64_1.0.0.202411102158/tools/bin/../lib/gcc/arm-none-eabi/13.3.1/../../../../arm-none-eabi/lib/thumb/v7e-m+fp/hard/libc_nano.a(libc_a-signal.o)
                0x0800de64                raise
 .text._kill_r  0x0800de74       0x24 /Applications/STM32CubeIDE.app/Contents/Eclipse/plugins/com.st.stm32cube.ide.mcu.externaltools.gnu-tools-for-stm32.13.3.rel1.macos64_1.0.0.202411102158/tools/bin/../lib/gcc/arm-none-eabi/13.3.1/../../../../arm-none-eabi/lib/thumb/v7e-m+fp/hard/libc_nano.a(libc_a-signalr.o)
                0x0800de74                _kill_r
 .text._getpid_r
                0x0800de98        0x4 /Applications/STM32CubeIDE.app/Contents/Eclipse/plugins/com.st.stm32cube.ide.mcu.externaltools.gnu-tools-for-stm32.13.3.rel1.macos64_1.0.0.202411102158/tools/bin/../lib/gcc/arm-none-eabi/13.3.1/../../../../arm-none-eabi/lib/thumb/v7e-m+fp/hard/libc_nano.a(libc_a-signalr.o)
                0x0800de98                _getpid_r
 *(.glue_7)
 .glue_7        0x0800de9c        0x0 linker stubs
 *(.glue_7t)
 .glue_7t       0x0800de9c        0x0 linker stubs
 *(.eh_frame)
 .eh_frame      0x0800de9c        0x0 /Applications/STM32CubeIDE.app/Contents/Eclipse/plugins/com.st.stm32cube.ide.mcu.externaltools.gnu-tools-for-stm32.13.3.rel1.macos64_1.0.0.202411102158/tools/bin/../lib/gcc/arm-none-eabi/13.3.1/thumb/v7e-m+fp/hard/crtbegin.o
 *(.init)
 .init          0x0800de9c        0x4 /Applications/STM32CubeIDE.app/Contents/Eclipse/plugins/com.st.stm32cube.ide.mcu.externaltools.gnu-tools-for-stm32.13.3.rel1.macos64_1.0.0.202411102158/tools/bin/../lib/gcc/arm-none-eabi/13.3.1/thumb/v7e-m+fp/hard/crti.o
                0x0800de9c                _init
 .init          0x0800dea0        0x8 /Applications/STM32CubeIDE.app/Contents/Eclipse/plugins/com.st.stm32cube.ide.mcu.externaltools.gnu-tools-for-stm32.13.3.rel1.macos64_1.0.0.202411102158/tools/bin/../lib/gcc/arm-none-eabi/13.3.1/thumb/v7e-m+fp/hard/crtn.o
 *(.fini)
 .fini          0x0800dea8        0x4 /Applications/STM32CubeIDE.app/Contents/Eclipse/plugins/com.st.stm32cube.ide.mcu.externaltools.gnu-tools-for-stm32.13.3.rel1.macos64_1.0.0.202411102158/tools/bin/../lib/gcc/arm-none-eabi/13.3.1/thumb/v7e-m+fp/hard/crti.o
                0x0800dea8                _fini
 .fini          0x0800deac        0x8 /Applications/STM32CubeIDE.app/Contents/Eclipse/plugins/com.st.stm32cube.ide.mcu.externaltools.gnu-tools-for-stm32.13.3.rel1.macos64_1.0.0.202411102158/tools/bin/../lib/gcc/arm-none-eabi/13.3.1/thumb/v7e-m+fp/hard/crtn.o
                0x0800deb4                        . = ALIGN (0x4)
                0x0800deb4                        _etext = .

.vfp11_veneer   0x0800deb4        0x0
 .vfp11_veneer  0x0800deb4        0x0 linker stubs

.v4_bx          0x0800deb4        0x0
 .v4_bx         0x0800deb4        0x0 linker stubs

.iplt           0x0800deb4        0x0
 .iplt          0x0800deb4        0x0 /Applications/STM32CubeIDE.app/Contents/Eclipse/plugins/com.st.stm32cube.ide.mcu.externaltools.gnu-tools-for-stm32.13.3.rel1.macos64_1.0.0.202411102158/tools/bin/../lib/gcc/arm-none-eabi/13.3.1/thumb/v7e-m+fp/hard/crtbegin.o

.rodata         0x0800deb8      0x73c
                0x0800deb8                        . = ALIGN (0x4)
 *(.rodata)
 .rodata        0x0800deb8      0x1e5 ./Core/Src/main.o
 *fill*         0x0800e09d        0x3 
 .rodata        0x0800e0a0      0x130 ./Core/Src/net_w5500.o
 .rodata        0x0800e1d0        0xc /Applications/STM32CubeIDE.app/Contents/Eclipse/plugins/com.st.stm32cube.ide.mcu.externaltools.gnu-tools-for-stm32.13.3.rel1.macos64_1.0.0.202411102158/tools/bin/../lib/gcc/arm-none-eabi/13.3.1/../../../../arm-none-eabi/lib/thumb/v7e-m+fp/hard/libc_nano.a(libc_a-nano-vfscanf_i.o)
 *(.rodata*)
 .rodata.g_static_fallback
                0x0800e1dc       0x17 ./Core/Src/net_w5500.o
 *fill*         0x0800e1f3        0x1 
 .rodata.AHBPrescTable
                0x0800e1f4       0x10 ./Core/Src/system_stm32l4xx.o
                0x0800e1f4                AHBPrescTable
 .rodata.APBPrescTable
                0x0800e204        0x8 ./Core/Src/system_stm32l4xx.o
                0x0800e204                APBPrescTable
 .rodata.MSIRangeTable
                0x0800e20c       0x30 ./Core/Src/system_stm32l4xx.o
                0x0800e20c                MSIRangeTable
 .rodata.UARTPrescTable
                0x0800e23c       0x18 ./Drivers/STM32L4xx_HAL_Driver/Src/stm32l4xx_hal_uart.o
                0x0800e23c                UARTPrescTable
 .rodata.numerator.1
                0x0800e254        0x8 ./Drivers/STM32L4xx_HAL_Driver/Src/stm32l4xx_hal_uart_ex.o
 .rodata.denominator.0
                0x0800e25c        0x8 ./Drivers/STM32L4xx_HAL_Driver/Src/stm32l4xx_hal_uart_ex.o
 .rodata._printf_float.str1.1
                0x0800e264      0x18a /Applications/STM32CubeIDE.app/Contents/Eclipse/plugins/com.st.stm32cube.ide.mcu.externaltools.gnu-tools-for-stm32.13.3.rel1.macos64_1.0.0.202411102158/tools/bin/../lib/gcc/arm-none-eabi/13.3.1/../../../../arm-none-eabi/lib/thumb/v7e-m+fp/hard/libc_nano.a(libc_a-nano-vfprintf_float.o)
                                 0x12 (size before relaxing)
 .rodata._printf_i.str1.1
                0x0800e3ee       0x22 /Applications/STM32CubeIDE.app/Contents/Eclipse/plugins/com.st.stm32cube.ide.mcu.externaltools.gnu-tools-for-stm32.13.3.rel1.macos64_1.0.0.202411102158/tools/bin/../lib/gcc/arm-none-eabi/13.3.1/../../../../arm-none-eabi/lib/thumb/v7e-m+fp/hard/libc_nano.a(libc_a-nano-vfprintf_i.o)
 .rodata._dtoa_r.str1.1
                0x0800e3ee       0x8f /Applications/STM32CubeIDE.app/Contents/Eclipse/plugins/com.st.stm32cube.ide.mcu.externaltools.gnu-tools-for-stm32.13.3.rel1.macos64_1.0.0.202411102158/tools/bin/../lib/gcc/arm-none-eabi/13.3.1/../../../../arm-none-eabi/lib/thumb/v7e-m+fp/hard/libc_nano.a(libc_a-dtoa.o)
 .rodata._svfprintf_r.str1.1
                0x0800e3ee       0x11 /Applications/STM32CubeIDE.app/Contents/Eclipse/plugins/com.st.stm32cube.ide.mcu.externaltools.gnu-tools-for-stm32.13.3.rel1.macos64_1.0.0.202411102158/tools/bin/../lib/gcc/arm-none-eabi/13.3.1/../../../../arm-none-eabi/lib/thumb/v7e-m+fp/hard/libc_nano.a(libc_a-nano-svfprintf.o)
 .rodata.__ssvfscanf_r.str1.1
                0x0800e3ee        0x4 /Applications/STM32CubeIDE.app/Contents/Eclipse/plugins/com.st.stm32cube.ide.mcu.externaltools.gnu-tools-for-stm32.13.3.rel1.macos64_1.0.0.202411102158/tools/bin/../lib/gcc/arm-none-eabi/13.3.1/../../../../arm-none-eabi/lib/thumb/v7e-m+fp/hard/libc_nano.a(libc_a-nano-svfscanf.o)
 .rodata._vfprintf_r.str1.1
                0x0800e3ee       0x11 /Applications/STM32CubeIDE.app/Contents/Eclipse/plugins/com.st.stm32cube.ide.mcu.externaltools.gnu-tools-for-stm32.13.3.rel1.macos64_1.0.0.202411102158/tools/bin/../lib/gcc/arm-none-eabi/13.3.1/../../../../arm-none-eabi/lib/thumb/v7e-m+fp/hard/libc_nano.a(libc_a-nano-vfprintf.o)
 .rodata._scanf_i.str1.1
                0x0800e3ee       0x12 /Applications/STM32CubeIDE.app/Contents/Eclipse/plugins/com.st.stm32cube.ide.mcu.externaltools.gnu-tools-for-stm32.13.3.rel1.macos64_1.0.0.202411102158/tools/bin/../lib/gcc/arm-none-eabi/13.3.1/../../../../arm-none-eabi/lib/thumb/v7e-m+fp/hard/libc_nano.a(libc_a-nano-vfscanf_i.o)
 .rodata.str1.1
                0x0800e3ee        0x9 /Applications/STM32CubeIDE.app/Contents/Eclipse/plugins/com.st.stm32cube.ide.mcu.externaltools.gnu-tools-for-stm32.13.3.rel1.macos64_1.0.0.202411102158/tools/bin/../lib/gcc/arm-none-eabi/13.3.1/../../../../arm-none-eabi/lib/thumb/v7e-m+fp/hard/libc_nano.a(libc_a-nano-vfscanf_i.o)
 .rodata._Balloc.str1.1
                0x0800e3ee       0x70 /Applications/STM32CubeIDE.app/Contents/Eclipse/plugins/com.st.stm32cube.ide.mcu.externaltools.gnu-tools-for-stm32.13.3.rel1.macos64_1.0.0.202411102158/tools/bin/../lib/gcc/arm-none-eabi/13.3.1/../../../../arm-none-eabi/lib/thumb/v7e-m+fp/hard/libc_nano.a(libc_a-mprec.o)
 .rodata.__multadd.str1.1
                0x0800e3ee       0x11 /Applications/STM32CubeIDE.app/Contents/Eclipse/plugins/com.st.stm32cube.ide.mcu.externaltools.gnu-tools-for-stm32.13.3.rel1.macos64_1.0.0.202411102158/tools/bin/../lib/gcc/arm-none-eabi/13.3.1/../../../../arm-none-eabi/lib/thumb/v7e-m+fp/hard/libc_nano.a(libc_a-mprec.o)
 *fill*         0x0800e3ee        0x2 
 .rodata.p05.0  0x0800e3f0        0xc /Applications/STM32CubeIDE.app/Contents/Eclipse/plugins/com.st.stm32cube.ide.mcu.externaltools.gnu-tools-for-stm32.13.3.rel1.macos64_1.0.0.202411102158/tools/bin/../lib/gcc/arm-none-eabi/13.3.1/../../../../arm-none-eabi/lib/thumb/v7e-m+fp/hard/libc_nano.a(libc_a-mprec.o)
 *fill*         0x0800e3fc        0x4 
 .rodata.__mprec_bigtens
                0x0800e400       0x28 /Applications/STM32CubeIDE.app/Contents/Eclipse/plugins/com.st.stm32cube.ide.mcu.externaltools.gnu-tools-for-stm32.13.3.rel1.macos64_1.0.0.202411102158/tools/bin/../lib/gcc/arm-none-eabi/13.3.1/../../../../arm-none-eabi/lib/thumb/v7e-m+fp/hard/libc_nano.a(libc_a-mprec.o)
                0x0800e400                __mprec_bigtens
 .rodata.__mprec_tens
                0x0800e428       0xc8 /Applications/STM32CubeIDE.app/Contents/Eclipse/plugins/com.st.stm32cube.ide.mcu.externaltools.gnu-tools-for-stm32.13.3.rel1.macos64_1.0.0.202411102158/tools/bin/../lib/gcc/arm-none-eabi/13.3.1/../../../../arm-none-eabi/lib/thumb/v7e-m+fp/hard/libc_nano.a(libc_a-mprec.o)
                0x0800e428                __mprec_tens
 .rodata._setlocale_r.str1.1
                0x0800e4f0        0x9 /Applications/STM32CubeIDE.app/Contents/Eclipse/plugins/com.st.stm32cube.ide.mcu.externaltools.gnu-tools-for-stm32.13.3.rel1.macos64_1.0.0.202411102158/tools/bin/../lib/gcc/arm-none-eabi/13.3.1/../../../../arm-none-eabi/lib/thumb/v7e-m+fp/hard/libc_nano.a(libc_a-locale.o)
 .rodata.str1.1
                0x0800e4f0        0x2 /Applications/STM32CubeIDE.app/Contents/Eclipse/plugins/com.st.stm32cube.ide.mcu.externaltools.gnu-tools-for-stm32.13.3.rel1.macos64_1.0.0.202411102158/tools/bin/../lib/gcc/arm-none-eabi/13.3.1/../../../../arm-none-eabi/lib/thumb/v7e-m+fp/hard/libc_nano.a(libc_a-locale.o)
 .rodata._ctype_
                0x0800e4f0      0x101 /Applications/STM32CubeIDE.app/Contents/Eclipse/plugins/com.st.stm32cube.ide.mcu.externaltools.gnu-tools-for-stm32.13.3.rel1.macos64_1.0.0.202411102158/tools/bin/../lib/gcc/arm-none-eabi/13.3.1/../../../../arm-none-eabi/lib/thumb/v7e-m+fp/hard/libc_nano.a(libc_a-ctype_.o)
                0x0800e4f0                _ctype_
 .rodata.__assert_func.str1.1
                0x0800e5f1       0x3d /Applications/STM32CubeIDE.app/Contents/Eclipse/plugins/com.st.stm32cube.ide.mcu.externaltools.gnu-tools-for-stm32.13.3.rel1.macos64_1.0.0.202411102158/tools/bin/../lib/gcc/arm-none-eabi/13.3.1/../../../../arm-none-eabi/lib/thumb/v7e-m+fp/hard/libc_nano.a(libc_a-assert.o)
                0x0800e630                        . = ALIGN (0x4)
 *fill*         0x0800e5f1        0x3 

.ARM.extab      0x0800e5f4        0x0