../Core/Src/main.c:57:20:W5500_Select	8	static
../Core/Src/main.c:60:20:W5500_Deselect	8	static
../Core/Src/main.c:122:16:spi_txrx1	32	static
../Core/Src/main.c:134:9:W5500_ReadVersion	16	static
../Core/Src/main.c:145:5:_write	24	static
../Core/Src/main.c:151:5:__io_putchar	16	static
../Core/Src/main.c:156:6:TM1637_Init	16	static
../Core/Src/main.c:187:6:PID_Start	32	static
../Core/Src/main.c:218:6:updatePWM	136	static
../Core/Src/main.c:268:6:HAL_GPIO_EXTI_Callback	16	static
../Core/Src/main.c:282:6:network_handler	280	static
../Core/Src/main.c:324:5:main	16	static
../Core/Src/main.c:410:6:SystemClock_Config	96	static
../Core/Src/main.c:455:13:MX_I2C1_Init	8	static
../Core/Src/main.c:503:13:MX_LPUART1_UART_Init	8	static
../Core/Src/main.c:551:13:MX_SPI1_Init	8	static
../Core/Src/main.c:591:13:MX_TIM2_Init	64	static
../Core/Src/main.c:650:13:MX_GPIO_Init	64	static
../Core/Src/main.c:922:6:Error_Handler	4	static,ignoring_inline_asm
